******************************************************************************
                  TI ARM Linker PC v18.1.4                     
******************************************************************************
>> Linked Tue Mar 12 22:43:17 2019

OUTPUT FILE NAME:   <SSL_REST_API_AWS_W19.out>
ENTRY POINT SYMBOL: "_c_int00_noargs"  address: 2000e1c5


MEMORY CONFIGURATION

         name            origin    length      used     unused   attr    fill
----------------------  --------  ---------  --------  --------  ----  --------
  SRAM_CODE             20004000   00013000  0000b7f4  0000780c  RW X
  SRAM_DATA             20017000   00019000  00009a0d  0000f5f3  RW X


SEGMENT ALLOCATION MAP

run origin  load origin   length   init length attrs members
----------  ----------- ---------- ----------- ----- -------
20004000    20004000    0000b7f8   0000b7f8    r-x
  20004000    20004000    00000400   00000400    r-- .intvecs
  20004400    20004400    0000a822   0000a822    r-x .text
  2000ec24    2000ec24    00000b4a   00000b4a    r-- .const
  2000f770    2000f770    00000088   00000088    r-- .cinit
20017000    20017000    00008a10   00000000    rw-
  20017000    20017000    00008000   00000000    rw- .sysmem
  2001f000    2001f000    0000091d   00000000    rw- .bss
  2001f920    2001f920    000000f0   00000000    rw- .data
2002f000    2002f000    00001000   00000000    rw-
  2002f000    2002f000    00001000   00000000    rw- .stack


SECTION ALLOCATION MAP

 output                                  attributes/
section   page    origin      length       input sections
--------  ----  ----------  ----------   ----------------
.intvecs   0    20004000    00000400     
                  20004000    00000400     startup_ccs.obj (.intvecs)

.init_array 
*          0    20004000    00000000     UNINITIALIZED

.text      0    20004400    0000a822     
                  20004400    000016dc     main.obj (.text)
                  20005adc    00000a80     Adafruit_GFX.obj (.text)
                  2000655c    00000a5e     rtsv7M4_T_le_v4SPD16_eabi.lib : _printfi.c.obj (.text:__TI_printfi)
                  20006fba    00000712     test.obj (.text)
                  200076cc    00000590     simplelink.a : driver.obj (.text:_SlDrvMsgRead)
                  20007c5c    00000486     Adafruit_OLED.obj (.text)
                  200080e2    00000002     driverlib.a : interrupt.obj (.text:IntDefaultHandler)
                  200080e4    00000398     gpio_if.obj (.text)
                  2000847c    00000280     uart_if.obj (.text)
                  200086fc    0000027c     simplelink.a : wlan.obj (.text:sl_WlanConnect)
                  20008978    00000270     rtsv7M4_T_le_v4SPD16_eabi.lib : _printfi.c.obj (.text:_pconv_a)
                  20008be8    0000024c     simplelink.a : driver.obj (.text:_SlDrvRxHdrRead)
                  20008e34    000001e4                  : driver.obj (.text:_SlDrvDataReadOp)
                  20009018    000001d0                  : driver.obj (.text:_SlDrvReleasePoolObj)
                  200091e8    000001d0     rtsv7M4_T_le_v4SPD16_eabi.lib : _printfi.c.obj (.text:_pconv_g)
                  200093b8    000001b6                                   : fd_add_t2.asm.obj (.text)
                  2000956e    00000002                                   : _lock.c.obj (.text:_nop)
                  20009570    000001b4     simplelink.a : driver.obj (.text:_SlDrvDriverCBInit)
                  20009724    0000019c                  : driver.obj (.text:_SlDrvMsgWrite)
                  200098c0    00000190                  : driver.obj (.text:_SlDrvWaitForPoolObj)
                  20009a50    0000018c                  : socket.obj (.text:sl_Connect)
                  20009bdc    00000178     driverlib.a : prcm.obj (.text:PRCMCC3200MCUInit)
                  20009d54    00000170     simplelink.a : driver.obj (.text:_SlFindAndSetActiveObj)
                  20009ec4    00000150                  : driver.obj (.text:_SlDrvDataWriteOp)
                  2000a014    00000148                  : cc_pal.obj (.text:spi_Open)
                  2000a15c    00000144                  : driver.obj (.text:_SlDrvMsgReadCmdCtx)
                  2000a2a0    00000144                  : netapp.obj (.text:sl_NetAppDnsGetHostByName)
                  2000a3e4    0000013c     rtsv7M4_T_le_v4SPD16_eabi.lib : _printfi.c.obj (.text:_pconv_e)
                  2000a520    00000136                                   : fd_div_t2.asm.obj (.text)
                  2000a656    00000002                                   : div0.asm.obj (.text)
                  2000a658    00000134     simplelink.a : socket.obj (.text:sl_Send)
                  2000a78c    00000130                  : driver.obj (.text:_SlDrvDriverCBDeinit)
                  2000a8bc    00000124     rtsv7M4_T_le_v4SPD16_eabi.lib : _printfi.c.obj (.text:fcvt)
                  2000a9e0    00000114                                   : memory.c.obj (.text:realloc)
                  2000aaf4    00000110                                   : s_scalbn.c.obj (.text:scalbn)
                  2000ac04    00000104     simplelink.a : netapp.obj (.text:_SlDrvNetAppEventHandler)
                  2000ad08    000000fc     rtsv7M4_T_le_v4SPD16_eabi.lib : fd_mul_t2.asm.obj (.text)
                  2000ae04    000000f0     simplelink.a : device.obj (.text:sl_Stop)
                  2000aef4    000000f0                  : cc_pal.obj (.text:spi_Read)
                  2000afe4    000000f0     driverlib.a : udma.obj (.text:uDMAChannelTransferSet)
                  2000b0d4    000000ec     simplelink.a : device.obj (.text:sl_Start)
                  2000b1c0    000000e8                  : driver.obj (.text:_SlAsyncEventGenericHandler)
                  2000b2a8    000000e8                  : driver.obj (.text:_SlDrvMsgReadSpawnCtx)
                  2000b390    000000e4                  : netapp.obj (.text:sl_NetAppMDNSRegisterUnregisterService)
                  2000b474    000000dc                  : driver.obj (.text:_SlDrvClassifyRxMsg)
                  2000b550    000000d8     rtsv7M4_T_le_v4SPD16_eabi.lib : memory.c.obj (.text:free)
                  2000b628    000000d0     driverlib.a : spi.obj (.text:SPITransfer32)
                  2000b6f8    000000ce                 : spi.obj (.text:SPITransfer16)
                  2000b7c6    00000002     --HOLE-- [fill = 0]
                  2000b7c8    000000cc     simplelink.a : netapp.obj (.text:_sl_HandleAsync_DnsGetHostByService)
                  2000b894    000000cc                  : device.obj (.text:sl_DevGet)
                  2000b960    000000c8     pinmux.obj (.text)
                  2000ba28    000000c4     simplelink.a : driver.obj (.text:_SlRemoveFromList)
                  2000baec    000000c0                  : driver.obj (.text:_SlDrvCmdOp)
                  2000bbac    000000b8     driverlib.a : spi.obj (.text:SPITransfer8)
                  2000bc64    000000b1     rtsv7M4_T_le_v4SPD16_eabi.lib : _printfi.c.obj (.text:_ltostr)
                  2000bd15    00000003     --HOLE-- [fill = 0]
                  2000bd18    000000b0     simplelink.a : nonos.obj (.text:_SlNonOsSemGet)
                  2000bdc8    000000a8     driverlib.a : interrupt.obj (.text:IntDisable)
                  2000be70    000000a8                 : interrupt.obj (.text:IntEnable)
                  2000bf18    000000a4     simplelink.a : driver.obj (.text:_SlDriverHandleError)
                  2000bfbc    000000a0     driverlib.a : spi.obj (.text:SPIConfigSetExpClk)
                  2000c05c    000000a0     simplelink.a : socket.obj (.text:sl_Recv)
                  2000c0fc    0000009c     rtsv7M4_T_le_v4SPD16_eabi.lib : memcpy_t2.asm.obj (.text)
                  2000c198    0000009a     simplelink.a : device.obj (.text:_SlDrvDeviceEventHandler)
                  2000c232    00000002     --HOLE-- [fill = 0]
                  2000c234    00000098                  : device.obj (.text:sl_DevSet)
                  2000c2cc    00000098                  : netcfg.obj (.text:sl_NetCfgSet)
                  2000c364    00000098                  : socket.obj (.text:sl_SetSockOpt)
                  2000c3fc    00000098                  : wlan.obj (.text:sl_WlanSet)
                  2000c494    00000098                  : cc_pal.obj (.text:spi_Write)
                  2000c52c    00000096     rtsv7M4_T_le_v4SPD16_eabi.lib : ull_div_t2.asm.obj (.text)
                  2000c5c2    00000002     --HOLE-- [fill = 0]
                  2000c5c4    00000094     driverlib.a : prcm.obj (.text:PRCMPeripheralClockGet)
                  2000c658    00000090     simplelink.a : netapp.obj (.text:_sl_HandleAsync_DnsGetHostByName)
                  2000c6e8    00000090                  : netapp.obj (.text:_sl_HandleAsync_PingResponse)
                  2000c778    00000090                  : wlan.obj (.text:sl_WlanPolicySet)
                  2000c808    0000008c                  : cc_pal.obj (.text:SetupDMAReceive)
                  2000c894    0000008c                  : cc_pal.obj (.text:SetupDMASend)
                  2000c920    0000008c                  : driver.obj (.text:_SlDrvIsTimeoutExpired)
                  2000c9ac    0000008c                  : device.obj (.text:_sl_HandleAsync_InitComplete)
                  2000ca38    0000008c                  : socket.obj (.text:sl_Socket)
                  2000cac4    00000088     driverlib.a : pin.obj (.text:PinConfigSet)
                  2000cb4c    00000088                 : spi.obj (.text:SPITransfer)
                  2000cbd4    00000086     rtsv7M4_T_le_v4SPD16_eabi.lib : fd_cmp_t2.asm.obj (.text:__aeabi_cdcmple)
                  2000cc5a    00000086                                   : fd_cmp_t2.asm.obj (.text:__aeabi_cdrcmple)
                  2000cce0    00000084     simplelink.a : wlan.obj (.text:sl_WlanRxFilterSet)
                  2000cd64    00000082     driverlib.a : gpio.obj (.text:GPIOIntTypeSet)
                  2000cde6    00000002     --HOLE-- [fill = 0]
                  2000cde8    00000080     simplelink.a : socket.obj (.text:_sl_HandleAsync_Connect)
                  2000ce68    00000080                  : cc_pal.obj (.text:spi_Read_CPU)
                  2000cee8    00000080                  : cc_pal.obj (.text:spi_Write_CPU)
                  2000cf68    0000007a     rtsv7M4_T_le_v4SPD16_eabi.lib : memset_t2.asm.obj (.text)
                  2000cfe2    00000002     --HOLE-- [fill = 0]
                  2000cfe4    00000078                                   : memory.c.obj (.text:malloc)
                  2000d05c    00000078     simplelink.a : cc_pal.obj (.text:spi_Close)
                  2000d0d4    00000076     driverlib.a : uart.obj (.text:UARTConfigSetExpClk)
                  2000d14a    00000002     --HOLE-- [fill = 0]
                  2000d14c    00000074     simplelink.a : nonos.obj (.text:_SlNonOsMainLoopTask)
                  2000d1c0    0000006e     rtsv7M4_T_le_v4SPD16_eabi.lib : _printfi.c.obj (.text:_mcpy)
                  2000d22e    00000002     --HOLE-- [fill = 0]
                  2000d230    0000006c     simplelink.a : driver.obj (.text:_SlDrvCmdSend)
                  2000d29c    0000006c                  : netapp.obj (.text:_sl_NetAppSendTokenValue)
                  2000d308    00000068     rtsv7M4_T_le_v4SPD16_eabi.lib : copy_decompress_lzss.c.obj (.text:decompress:lzss:__TI_decompress_lzss)
                  2000d370    00000064     simplelink.a : nonos.obj (.text:_SlNonOsSpawn)
                  2000d3d4    00000064                  : socket.obj (.text:_sl_HandleAsync_Accept)
                  2000d438    00000064     rtsv7M4_T_le_v4SPD16_eabi.lib : s_frexp.c.obj (.text:frexp)
                  2000d49c    00000064     simplelink.a : netapp.obj (.text:sl_NetAppMDNSUnRegisterService)
                  2000d500    00000064     driverlib.a : udma.obj (.text:uDMAChannelAttributeDisable)
                  2000d564    00000064                 : udma.obj (.text:uDMAChannelAttributeEnable)
                  2000d5c8    00000060     simplelink.a : socket.obj (.text:sl_Close)
                  2000d628    00000060                  : wlan.obj (.text:sl_WlanProfileDel)
                  2000d688    00000060                  : wlan.obj (.text:sl_WlanSetMode)
                  2000d6e8    00000058     driverlib.a : interrupt.obj (.text:IntPendClear)
                  2000d740    00000058                 : prcm.obj (.text:PRCMPeripheralReset)
                  2000d798    00000056     rtsv7M4_T_le_v4SPD16_eabi.lib : _printfi.c.obj (.text:_pconv_f)
                  2000d7ee    00000002     --HOLE-- [fill = 0]
                  2000d7f0    00000054     driverlib.a : interrupt.obj (.text:IntPrioritySet)
                  2000d844    00000054     simplelink.a : driver.obj (.text:_SlDrvRxIrqHandler)
                  2000d898    00000054                  : socket.obj (.text:_sl_HandleAsync_Select)
                  2000d8ec    00000054     rtsv7M4_T_le_v4SPD16_eabi.lib : ltoa.c.obj (.text:ltoa)
                  2000d940    00000052                                   : _printfi.c.obj (.text:_ecpy)
                  2000d992    00000002     --HOLE-- [fill = 0]
                  2000d994    00000050     simplelink.a : device.obj (.text:_sl_HandleAsync_Stop)
                  2000d9e4    0000004c     driverlib.a : spi.obj (.text:SPIIntEnable)
                  2000da30    0000004c                 : spi.obj (.text:SPIIntNumberGet)
                  2000da7c    0000004c     simplelink.a : driver.obj (.text:_SlDrvProtectAsyncRespSetting)
                  2000dac8    0000004c                  : socket.obj (.text:_sl_BuildAddress)
                  2000db14    0000004c     rtsv7M4_T_le_v4SPD16_eabi.lib : atoi.c.obj (.text:atoi)
                  2000db60    0000004c     driverlib.a : udma.obj (.text:uDMAChannelAssign)
                  2000dbac    00000048                 : gpio.obj (.text:GPIOGetIntNumber)
                  2000dbf4    00000048                 : spi.obj (.text:SPIIntClear)
                  2000dc3c    00000048     simplelink.a : driver.obj (.text:_SlDrvBasicCmd)
                  2000dc84    00000048     rtsv7M4_T_le_v4SPD16_eabi.lib : fd_toi_t2.asm.obj (.text)
                  2000dccc    00000044     driverlib.a : spi.obj (.text:SPIDmaMaskGet)
                  2000dd10    00000044                 : timer.obj (.text:TimerConfigure)
                  2000dd54    00000044                 : uart.obj (.text:UARTIntNumberGet)
                  2000dd98    00000044     simplelink.a : driver.obj (.text:_SlDrvSyncObjWaitTimeout)
                  2000dddc    00000044     rtsv7M4_T_le_v4SPD16_eabi.lib : autoinit.c.obj (.text:__TI_auto_init_nobinit_nopinit:__TI_auto_init_nobinit_nopinit)
                  2000de20    00000044     simplelink.a : cc_pal.obj (.text:cc_SetupTransfer)
                  2000de64    00000042                  : socket.obj (.text:sl_Htonl)
                  2000dea6    00000002     --HOLE-- [fill = 0]
                  2000dea8    00000040     driverlib.a : pin.obj (.text:PinModeSet)
                  2000dee8    00000040     simplelink.a : socket.obj (.text:_sl_TruncatePayloadByProtocol)
                  2000df28    00000040     rtsv7M4_T_le_v4SPD16_eabi.lib : sprintf.c.obj (.text:sprintf)
                  2000df68    00000040                                   : vsnprintf.c.obj (.text:vsnprintf)
                  2000dfa8    0000003e     simplelink.a : cc_pal.obj (.text:NwpRegisterInterruptHandler)
                  2000dfe6    0000003e     rtsv7M4_T_le_v4SPD16_eabi.lib : _printfi.c.obj (.text:_fcpy)
                  2000e024    0000003c     simplelink.a : netapp.obj (.text:CopyPingResultsToReport)
                  2000e060    0000003c     driverlib.a : prcm.obj (.text:PRCMPeripheralClkEnable)
                  2000e09c    0000003c     rtsv7M4_T_le_v4SPD16_eabi.lib : memory.c.obj (.text:minsert)
                  2000e0d8    0000003c     simplelink.a : cc_pal.obj (.text:simplelink_timerA2_start)
                  2000e114    0000003c                  : socket.obj (.text:sl_Htons)
                  2000e150    0000003c     driverlib.a : udma.obj (.text:uDMAChannelControlSet)
                  2000e18c    00000038     simplelink.a : cc_pal.obj (.text:NwpPowerOff)
                  2000e1c4    00000038     rtsv7M4_T_le_v4SPD16_eabi.lib : boot_cortex_m.c.obj (.text:_c_int00_noargs:_c_int00_noargs)
                  2000e1fc    00000038                                   : memory.c.obj (.text:minit)
                  2000e234    00000038     simplelink.a : wlan.obj (.text:sl_WlanDisconnect)
                  2000e26c    00000036     driverlib.a : gpio.obj (.text:GPIODirModeSet)
                  2000e2a2    00000002     --HOLE-- [fill = 0]
                  2000e2a4    00000034                 : prcm.obj (.text:PRCMPeripheralStatusGet)
                  2000e2d8    00000034                 : spi.obj (.text:SPIFIFOLevelSet)
                  2000e30c    00000030                 : pin.obj (.text:PinTypeGPIO)
                  2000e33c    00000030                 : uart.obj (.text:UARTDisable)
                  2000e36c    00000030     rtsv7M4_T_le_v4SPD16_eabi.lib : vsnprintf.c.obj (.text:_outs)
                  2000e39c    0000002e                                   : i_tofd_t2.asm.obj (.text)
                  2000e3ca    00000002     --HOLE-- [fill = 0]
                  2000e3cc    0000002c     simplelink.a : cc_pal.obj (.text:NwpPowerOn)
                  2000e3f8    0000002c     driverlib.a : prcm.obj (.text:PRCMSysResetCauseGet)
                  2000e424    0000002c     simplelink.a : driver.obj (.text:_SlDrvObjGlobalLockWaitForever)
                  2000e450    0000002c                  : driver.obj (.text:_SlDrvProtectionObjLockWaitForever)
                  2000e47c    0000002a     driverlib.a : timer.obj (.text:TimerLoadSet)
                  2000e4a6    0000002a                 : timer.obj (.text:TimerPrescaleSet)
                  2000e4d0    00000028                 : prcm.obj (.text:PRCMPeripheralClkDisable)
                  2000e4f8    00000028     simplelink.a : driver.obj (.text:_SlDrvGlobalObjUnLock)
                  2000e520    00000028                  : driver.obj (.text:_SlDrvProtectionObjUnLock)
                  2000e548    00000028                  : driver.obj (.text:_SlDrvSyncObjWaitForever)
                  2000e570    00000028     rtsv7M4_T_le_v4SPD16_eabi.lib : memory.c.obj (.text:mremove)
                  2000e598    00000026     simplelink.a : driver.obj (.text:_SlDrvObjLockWaitForever)
                  2000e5be    00000002     --HOLE-- [fill = 0]
                  2000e5c0    00000024                  : cc_pal.obj (.text:DmaSpiSwIntHandler)
                  2000e5e4    00000024     driverlib.a : interrupt.obj (.text:IntUnregister)
                  2000e608    00000024                 : uart.obj (.text:UARTEnable)
                  2000e62c    00000024     rtsv7M4_T_le_v4SPD16_eabi.lib : memmov.c.obj (.text:memmove)
                  2000e650    00000022     driverlib.a : spi.obj (.text:SPIReset)
                  2000e672    00000022                 : spi.obj (.text:SPIWordCountSet)
                  2000e694    00000020                 : gpio.obj (.text:GPIOPinWrite)
                  2000e6b4    00000020                 : interrupt.obj (.text:IntRegister)
                  2000e6d4    00000020     simplelink.a : cc_pal.obj (.text:NwpPrePowerOffTimout0)
                  2000e6f4    00000020                  : cc_pal.obj (.text:TimerGetCurrentTimestamp)
                  2000e714    00000020                  : driver.obj (.text:_SlDrvObjUnLock)
                  2000e734    00000020                  : driver.obj (.text:_SlDrvSyncObjSignal)
                  2000e754    0000001e     driverlib.a : gpio.obj (.text:GPIOIntRegister)
                  2000e772    0000001e                 : timer.obj (.text:TimerEnable)
                  2000e790    0000001e                 : uart.obj (.text:UARTCharPut)
                  2000e7ae    0000001e                 : uart.obj (.text:UARTIntRegister)
                  2000e7cc    0000001e                 : uart.obj (.text:UARTIntStatus)
                  2000e7ea    0000001e     simplelink.a : cc_pal.obj (.text:cc_UDMAChannelSelect)
                  2000e808    0000001c     driverlib.a : timer.obj (.text:TimerValueGet)
                  2000e824    0000001c                 : uart.obj (.text:UARTCharGetNonBlocking)
                  2000e840    0000001c     simplelink.a : driver.obj (.text:_SlDrvStartMeasureTimeout)
                  2000e85c    0000001c     rtsv7M4_T_le_v4SPD16_eabi.lib : memccpy.c.obj (.text:memccpy)
                  2000e878    0000001c     driverlib.a : udma.obj (.text:uDMAChannelEnable)
                  2000e894    0000001a                 : gpio.obj (.text:GPIOIntEnable)
                  2000e8ae    0000001a                 : spi.obj (.text:SPIDmaDisable)
                  2000e8c8    0000001a                 : spi.obj (.text:SPIDmaEnable)
                  2000e8e2    0000001a                 : spi.obj (.text:SPIFIFODisable)
                  2000e8fc    0000001a                 : spi.obj (.text:SPIFIFOEnable)
                  2000e916    0000001a                 : spi.obj (.text:SPIIntUnregister)
                  2000e930    00000018                 : gpio.obj (.text:GPIOPinRead)
                  2000e948    00000018                 : spi.obj (.text:SPICSDisable)
                  2000e960    00000018                 : spi.obj (.text:SPICSEnable)
                  2000e978    00000018                 : spi.obj (.text:SPIDisable)
                  2000e990    00000018                 : spi.obj (.text:SPIEnable)
                  2000e9a8    00000018                 : timer.obj (.text:TimerIntDisable)
                  2000e9c0    00000018                 : timer.obj (.text:TimerIntEnable)
                  2000e9d8    00000018                 : uart.obj (.text:UARTCharsAvail)
                  2000e9f0    00000018                 : uart.obj (.text:UARTIntEnable)
                  2000ea08    00000018     simplelink.a : nonos.obj (.text:_SlNonOsSemSet)
                  2000ea20    00000018     rtsv7M4_T_le_v4SPD16_eabi.lib : vsnprintf.c.obj (.text:_outc)
                  2000ea38    00000018                                   : sprintf.c.obj (.text:_outs)
                  2000ea50    00000018     simplelink.a : device.obj (.text:_sl_GetStartResponseConvert)
                  2000ea68    00000016     driverlib.a : prcm.obj (.text:PRCMHIBRegRead)
                  2000ea7e    00000016                 : prcm.obj (.text:PRCMHIBRegWrite)
                  2000ea94    00000016                 : uart.obj (.text:UARTCharGet)
                  2000eaaa    00000016                 : uart.obj (.text:UARTFIFODisable)
                  2000eac0    00000016     simplelink.a : driver.obj (.text:_SlDrvMemZero)
                  2000ead6    00000016     rtsv7M4_T_le_v4SPD16_eabi.lib : strchr.c.obj (.text:strchr)
                  2000eaec    00000014     driverlib.a : cpu.obj (.text:CPUcpsie)
                  2000eb00    00000014                 : gpio.obj (.text:GPIOIntClear)
                  2000eb14    00000014                 : interrupt.obj (.text:IntVTableBaseSet)
                  2000eb28    00000014     rtsv7M4_T_le_v4SPD16_eabi.lib : s_copysign.c.obj (.text:copysign)
                  2000eb3c    00000014                                   : strcpy.c.obj (.text:strcpy)
                  2000eb50    00000014                                   : strlen.c.obj (.text:strlen)
                  2000eb64    00000012     driverlib.a : timer.obj (.text:TimerIntClear)
                  2000eb76    00000012                 : uart.obj (.text:UARTIntClear)
                  2000eb88    00000012     rtsv7M4_T_le_v4SPD16_eabi.lib : wcslen.c.obj (.text:wcslen)
                  2000eb9a    00000010     simplelink.a : driver.obj (.text:_SlDrvDispatchHttpServerEvents)
                  2000ebaa    0000000e                  : driver.obj (.text:_SlDrvResetCmdExt)
                  2000ebb8    0000000e     rtsv7M4_T_le_v4SPD16_eabi.lib : copy_decompress_none.c.obj (.text:decompress:none:__TI_decompress_none)
                  2000ebc6    0000000e     startup_ccs.obj (.text)
                  2000ebd4    0000000c     simplelink.a : cc_pal.obj (.text:NwpMaskInterrupt)
                  2000ebe0    0000000c                  : cc_pal.obj (.text:NwpUnMaskInterrupt)
                  2000ebec    0000000c     rtsv7M4_T_le_v4SPD16_eabi.lib : copy_zero_init.c.obj (.text:decompress:ZI:__TI_zero_init)
                  2000ebf8    0000000a     driverlib.a : interrupt.obj (.text:IntMasterEnable)
                  2000ec02    0000000a     rtsv7M4_T_le_v4SPD16_eabi.lib : sprintf.c.obj (.text:_outc)
                  2000ec0c    00000008                                   : errno.c.obj (.text:__aeabi_errno_addr)
                  2000ec14    00000006     driverlib.a : utils.obj (.text:UtilsDelay)
                  2000ec1a    00000004     rtsv7M4_T_le_v4SPD16_eabi.lib : pre_init.c.obj (.text:_system_pre_init)
                  2000ec1e    00000004                                   : exit.c.obj (.text:abort:abort)

.const     0    2000ec24    00000b4a     
                  2000ec24    000004fb     Adafruit_GFX.obj (.const:.string:font)
                  2000f11f    00000101     rtsv7M4_T_le_v4SPD16_eabi.lib : ctype.c.obj (.const:.string:_ctypes_)
                  2000f220    00000100     driverlib.a : pin.obj (.const:g_ulPinToPadMap)
                  2000f320    000000d4                 : interrupt.obj (.const:g_pulRegs)
                  2000f3f4    000000a8                 : prcm.obj (.const:PRCM_PeriphRegsList)
                  2000f49c    00000080                 : interrupt.obj (.const)
                  2000f51c    0000003c     simplelink.a : driver.obj (.const:OpcodeTranslateTable)
                  2000f558    00000038                  : driver.obj (.const:_SlActionLookupTable)
                  2000f590    0000002e     main.obj (.const:.string)
                  2000f5be    00000002     --HOLE-- [fill = 0]
                  2000f5c0    0000002c     main.obj (.const:$P$T1$2)
                  2000f5ec    00000024     driverlib.a : spi.obj (.const:g_ppulSPIIntMap)
                  2000f610    00000022     main.obj (.const:.string:$P$T0$1)
                  2000f632    00000002     --HOLE-- [fill = 0]
                  2000f634    00000020     simplelink.a : driver.obj (.const:RxMsgClassLUT)
                  2000f654    00000018     driverlib.a : spi.obj (.const)
                  2000f66c    00000015     main.obj (.const:.string:$P$T6$7)
                  2000f681    00000003     --HOLE-- [fill = 0]
                  2000f684    00000014     simplelink.a : driver.obj (.const:$P$T0$1)
                  2000f698    00000014                  : nonos.obj (.const:$P$T0$1)
                  2000f6ac    00000014     main.obj (.const:$P$T2$3)
                  2000f6c0    00000010     simplelink.a : socket.obj (.const:.string:_SlPayloadByProtocolLUT)
                  2000f6d0    00000010     driverlib.a : uart.obj (.const)
                  2000f6e0    0000000c     main.obj (.const:$P$T4$5)
                  2000f6ec    0000000c     main.obj (.const:.string:$P$T3$4)
                  2000f6f8    00000009     main.obj (.const:.string:$P$T5$6)
                  2000f701    00000008     simplelink.a : device.obj (.const:StartResponseLUT)
                  2000f709    00000003     --HOLE-- [fill = 0]
                  2000f70c    00000008                  : driver.obj (.const:g_H2NCnysPattern)
                  2000f714    00000008                  : driver.obj (.const:g_H2NSyncPattern)
                  2000f71c    00000005     main.obj (.const:.string:$P$T7$8)
                  2000f721    00000001     --HOLE-- [fill = 0]
                  2000f722    00000004     simplelink.a : wlan.obj (.const:$P$T0$1)
                  2000f726    00000004                  : socket.obj (.const:$P$T2$3)
                  2000f72a    00000004                  : device.obj (.const:_SlDeviceGetCmdCtrl)
                  2000f72e    00000004                  : device.obj (.const:_SlDeviceSetCmdCtrl)
                  2000f732    00000004                  : netapp.obj (.const:_SlGetHostByNameCtrl)
                  2000f736    00000004                  : netapp.obj (.const:_SlNetAppSendTokenValueCmdCtrl)
                  2000f73a    00000004                  : netcfg.obj (.const:_SlNetCfgSetCmdCtrl)
                  2000f73e    00000004                  : wlan.obj (.const:_SlPolicySetCmdCtrl)
                  2000f742    00000004                  : wlan.obj (.const:_SlProfileDelCmdCtrl)
                  2000f746    00000004                  : socket.obj (.const:_SlRecvCmdCtrl)
                  2000f74a    00000004                  : netapp.obj (.const:_SlRegisterServiceCtrl)
                  2000f74e    00000004                  : wlan.obj (.const:_SlRxFilterSetCmdCtrl)
                  2000f752    00000004                  : socket.obj (.const:_SlSendCmdCtrl)
                  2000f756    00000004                  : socket.obj (.const:_SlSetSockOptCmdCtrl)
                  2000f75a    00000004                  : socket.obj (.const:_SlSockCloseCmdCtrl)
                  2000f75e    00000004                  : socket.obj (.const:_SlSockSocketCmdCtrl)
                  2000f762    00000004                  : device.obj (.const:_SlStopCmdCtrl)
                  2000f766    00000004                  : wlan.obj (.const:_SlWlanCfgSetCmdCtrl)
                  2000f76a    00000004                  : wlan.obj (.const:_SlWlanSetModeCmdCtrl)

.cinit     0    2000f770    00000088     
                  2000f770    0000005f     (.cinit..data.load) [load image, compression = lzss]
                  2000f7cf    00000001     --HOLE-- [fill = 0]
                  2000f7d0    0000000c     (__TI_handler_table)
                  2000f7dc    00000004     --HOLE-- [fill = 0]
                  2000f7e0    00000008     (.cinit..bss.load) [load image, compression = zero_init]
                  2000f7e8    00000010     (__TI_cinit_table)

.sysmem    0    20017000    00008000     UNINITIALIZED
                  20017000    00000008     rtsv7M4_T_le_v4SPD16_eabi.lib : memory.c.obj (.sysmem)
                  20017008    00007ff8     --HOLE--

.bss       0    2001f000    0000091d     UNINITIALIZED
                  2001f000    0000066c     (.common:sampleBuffer)
                  2001f66c    00000168     simplelink.a : driver.obj (.bss:g_StatMem)
                  2001f7d4    00000064     (.common:globBuffer)
                  2001f838    00000050     (.common:g_ucDinDout)
                  2001f888    0000002c     (.common:g_time)
                  2001f8b4    00000024     (.common:g_ucConnectionSSID)
                  2001f8d8    00000020     (.common:power_all)
                  2001f8f8    00000008     (.common:g_ucConnectionBSSID)
                  2001f900    00000004     uart_if.obj (.bss)
                  2001f904    00000004     (.common:col)
                  2001f908    00000004     (.common:i)
                  2001f90c    00000004     (.common:max_power)
                  2001f910    00000004     (.common:row)
                  2001f914    00000001     (.common:RxIrqCnt)
                  2001f915    00000001     (.common:currChar)
                  2001f916    00000001     (.common:g_bDeviceRestartIsRequired)
                  2001f917    00000001     (.common:g_cDummy)
                  2001f918    00000001     (.common:g_ucLED1Pin)
                  2001f919    00000001     (.common:g_ucLED2Pin)
                  2001f91a    00000001     (.common:g_ucLED3Pin)
                  2001f91b    00000001     (.common:new_dig)
                  2001f91c    00000001     (.common:prevChar)

.data      0    2001f920    000000f0     UNINITIALIZED
                  2001f920    0000003c     simplelink.a : nonos.obj (.data:g__SlNonOsCB)
                  2001f95c    00000038     main.obj (.data)
                  2001f994    00000015     Adafruit_GFX.obj (.data)
                  2001f9a9    00000003     --HOLE--
                  2001f9ac    00000014     gpio_if.obj (.data:ulReg)
                  2001f9c0    00000010     main.obj (.data:row_col)
                  2001f9d0    0000000d     simplelink.a : driver.obj (.data)
                  2001f9dd    00000003     --HOLE--
                  2001f9e0    0000000c     rtsv7M4_T_le_v4SPD16_eabi.lib : memory.c.obj (.data:$O1$$)
                  2001f9ec    0000000c     gpio_if.obj (.data)
                  2001f9f8    00000009     simplelink.a : cc_pal.obj (.data)
                  2001fa01    00000003     --HOLE--
                  2001fa04    00000008     rtsv7M4_T_le_v4SPD16_eabi.lib : _lock.c.obj (.data:$O1$$)
                  2001fa0c    00000004                                   : errno.c.obj (.data)

.stack     0    2002f000    00001000     UNINITIALIZED
                  2002f000    00000004     rtsv7M4_T_le_v4SPD16_eabi.lib : boot_cortex_m.c.obj (.stack)
                  2002f004    00000ffc     --HOLE--

MODULE SUMMARY

       Module                       code    ro data   rw data
       ------                       ----    -------   -------
    .\
       main.obj                     5852    203       1955   
       Adafruit_GFX.obj             2688    1275      21     
       test.obj                     1810    0         0      
       Adafruit_OLED.obj            1158    0         0      
       startup_ccs.obj              14      1024      0      
       gpio_if.obj                  920     0         35     
       uart_if.obj                  640     0         4      
       pinmux.obj                   200     0         0      
    +--+----------------------------+-------+---------+---------+
       Total:                       13282   2502      2015   
                                                             
    C:/ti/CC3200SDK_1.3.0/cc3200-sdk/driverlib/ccs/Release/driverlib.a
       spi.obj                      1532    60        0      
       prcm.obj                     852     168       0      
       interrupt.obj                608     340       0      
       udma.obj                     604     0         0      
       uart.obj                     498     16        0      
       pin.obj                      248     256       0      
       gpio.obj                     388     0         0      
       timer.obj                    276     0         0      
       cpu.obj                      20      0         0      
       utils.obj                    6       0         0      
    +--+----------------------------+-------+---------+---------+
       Total:                       5032    840       0      
                                                             
    C:/ti/CC3200SDK_1.3.0/cc3200-sdk/simplelink/ccs/NON_OS/simplelink.a
       driver.obj                   7714    184       375    
       cc_pal.obj                   1820    0         90     
       socket.obj                   1830    40        0      
       netapp.obj                   1572    12        0      
       wlan.obj                     1312    24        0      
       device.obj                   1230    20        0      
       nonos.obj                    416     20        60     
       netcfg.obj                   152     4         0      
    +--+----------------------------+-------+---------+---------+
       Total:                       16046   304       525    
                                                             
    C:\ti\ccsv8\tools\compiler\ti-cgt-arm_18.1.4.LTS\lib\rtsv7M4_T_le_v4SPD16_eabi.lib
       _printfi.c.obj               4867    0         0      
       memory.c.obj                 768     0         12     
       fd_add_t2.asm.obj            438     0         0      
       fd_div_t2.asm.obj            310     0         0      
       s_scalbn.c.obj               272     0         0      
       fd_cmp_t2.asm.obj            268     0         0      
       ctype.c.obj                  0       257       0      
       fd_mul_t2.asm.obj            252     0         0      
       memcpy_t2.asm.obj            156     0         0      
       ull_div_t2.asm.obj           150     0         0      
       vsnprintf.c.obj              136     0         0      
       memset_t2.asm.obj            122     0         0      
       copy_decompress_lzss.c.obj   104     0         0      
       s_frexp.c.obj                100     0         0      
       sprintf.c.obj                98      0         0      
       ltoa.c.obj                   84      0         0      
       atoi.c.obj                   76      0         0      
       fd_toi_t2.asm.obj            72      0         0      
       autoinit.c.obj               68      0         0      
       boot_cortex_m.c.obj          56      0         0      
       i_tofd_t2.asm.obj            46      0         0      
       memmov.c.obj                 36      0         0      
       memccpy.c.obj                28      0         0      
       strchr.c.obj                 22      0         0      
       s_copysign.c.obj             20      0         0      
       strcpy.c.obj                 20      0         0      
       strlen.c.obj                 20      0         0      
       wcslen.c.obj                 18      0         0      
       copy_decompress_none.c.obj   14      0         0      
       copy_zero_init.c.obj         12      0         0      
       errno.c.obj                  8       0         4      
       _lock.c.obj                  2       0         8      
       exit.c.obj                   4       0         0      
       pre_init.c.obj               4       0         0      
       div0.asm.obj                 2       0         0      
    +--+----------------------------+-------+---------+---------+
       Total:                       8653    257       24     
                                                             
       Heap:                        0       0         32768  
       Stack:                       0       0         4096   
       Linker Generated:            0       131       0      
    +--+----------------------------+-------+---------+---------+
       Grand Total:                 43013   4034      39428  


LINKER GENERATED COPY TABLES

__TI_cinit_table @ 2000f7e8 records: 2, size/record: 8, table size: 16
	.data: load addr=2000f770, load size=0000005f bytes, run addr=2001f920, run size=000000f0 bytes, compression=lzss
	.bss: load addr=2000f7e0, load size=00000008 bytes, run addr=2001f000, run size=0000091d bytes, compression=zero_init


LINKER GENERATED HANDLER TABLE

__TI_handler_table @ 2000f7d0 records: 3, size/record: 4, table size: 12
	index: 0, handler: __TI_decompress_lzss
	index: 1, handler: __TI_decompress_none
	index: 2, handler: __TI_zero_init


GLOBAL SYMBOLS: SORTED ALPHABETICALLY BY Name 

address   name                                  
-------   ----                                  
20007cc9  Adafruit_Init                         
2000ec1f  C$$EXIT                               
2000eaed  CPUcpsie                              
200084bd  ClearTerm                             
20007e3f  Color565                              
2000e5c1  DmaSpiSwIntHandler                    
200084c7  Error                                 
2000e26d  GPIODirModeSet                        
2000eb01  GPIOIntClear                          
2000e895  GPIOIntEnable                         
2000e755  GPIOIntRegister                       
2000cd65  GPIOIntTypeSet                        
2000e931  GPIOPinRead                           
2000e695  GPIOPinWrite                          
200083a5  GPIO_IF_ConfigureNIntEnable           
20008431  GPIO_IF_Get                           
2000835f  GPIO_IF_GetPortNPin                   
20008121  GPIO_IF_LedConfigure                  
20008213  GPIO_IF_LedOff                        
2000815f  GPIO_IF_LedOn                         
200082c7  GPIO_IF_LedStatus                     
20008331  GPIO_IF_LedToggle                     
200083ed  GPIO_IF_Set                           
200084ff  GetCmd                                
2000847d  InitTerm                              
2000bdc9  IntDisable                            
2000be71  IntEnable                             
2000ebf9  IntMasterEnable                       
2000d6e9  IntPendClear                          
2000d7f1  IntPrioritySet                        
2000e6b5  IntRegister                           
2000e5e5  IntUnregister                         
2000eb15  IntVTableBaseSet                      
2000849b  Message                               
2000ebd5  NwpMaskInterrupt                      
2000e18d  NwpPowerOff                           
2000e3cd  NwpPowerOn                            
2000e6d5  NwpPrePowerOffTimout0                 
2000dfa9  NwpRegisterInterruptHandler           
2000ebe1  NwpUnMaskInterrupt                    
2000f51c  OpcodeTranslateTable                  
20006487  Outstr                                
20009bdd  PRCMCC3200MCUInit                     
2000ea69  PRCMHIBRegRead                        
2000ea7f  PRCMHIBRegWrite                       
2000e4d1  PRCMPeripheralClkDisable              
2000e061  PRCMPeripheralClkEnable               
2000c5c5  PRCMPeripheralClockGet                
2000d741  PRCMPeripheralReset                   
2000e2a5  PRCMPeripheralStatusGet               
2000e3f9  PRCMSysResetCauseGet                  
2000cac5  PinConfigSet                          
2000dea9  PinModeSet                            
2000b961  PinMuxConfig                          
2000e30d  PinTypeGPIO                           
2000863d  Report                                
2000ebc7  ResetISR                              
2001f914  RxIrqCnt                              
2000e949  SPICSDisable                          
2000e961  SPICSEnable                           
2000bfbd  SPIConfigSetExpClk                    
2000e979  SPIDisable                            
2000e8af  SPIDmaDisable                         
2000e8c9  SPIDmaEnable                          
2000e991  SPIEnable                             
2000e8e3  SPIFIFODisable                        
2000e8fd  SPIFIFOEnable                         
2000e2d9  SPIFIFOLevelSet                       
2000dbf5  SPIIntClear                           
2000d9e5  SPIIntEnable                          
2000e917  SPIIntUnregister                      
2000e651  SPIReset                              
2000cb4d  SPITransfer                           
2000e673  SPIWordCountSet                       
200044c7  SimpleLinkGeneralEventHandler         
200044bb  SimpleLinkHttpServerCallback          
20004483  SimpleLinkNetAppEventHandler          
200044d7  SimpleLinkSockEventHandler            
20004401  SimpleLinkWlanEventHandler            
2000dd11  TimerConfigure                        
2000e773  TimerEnable                           
2000e6f5  TimerGetCurrentTimestamp              
2000eb65  TimerIntClear                         
2000e9a9  TimerIntDisable                       
2000e9c1  TimerIntEnable                        
2000e47d  TimerLoadSet                          
2000e4a7  TimerPrescaleSet                      
2000e809  TimerValueGet                         
200085a5  TrimSpace                             
2000ea95  UARTCharGet                           
2000e825  UARTCharGetNonBlocking                
2000e791  UARTCharPut                           
2000e9d9  UARTCharsAvail                        
2000d0d5  UARTConfigSetExpClk                   
2000e33d  UARTDisable                           
2000e609  UARTEnable                            
2000eaab  UARTFIFODisable                       
2000eb77  UARTIntClear                          
2000e9f1  UARTIntEnable                         
2000e7af  UARTIntRegister                       
2000e7cd  UARTIntStatus                         
2000ec15  UtilsDelay                            
2000f558  _SlActionLookupTable                  
2000bf19  _SlDriverHandleError                  
2000dc3d  _SlDrvBasicCmd                        
2000baed  _SlDrvCmdOp                           
2000d231  _SlDrvCmdSend                         
20008e35  _SlDrvDataReadOp                      
20009ec5  _SlDrvDataWriteOp                     
2000c199  _SlDrvDeviceEventHandler              
2000eb9b  _SlDrvDispatchHttpServerEvents        
2000a78d  _SlDrvDriverCBDeinit                  
20009571  _SlDrvDriverCBInit                    
2000e4f9  _SlDrvGlobalObjUnLock                 
2000c921  _SlDrvIsTimeoutExpired                
2000eac1  _SlDrvMemZero                         
2000b2a9  _SlDrvMsgReadSpawnCtx                 
2000ac05  _SlDrvNetAppEventHandler              
2000e599  _SlDrvObjLockWaitForever              
2000e715  _SlDrvObjUnLock                       
2000da7d  _SlDrvProtectAsyncRespSetting         
2000e451  _SlDrvProtectionObjLockWaitForever    
2000e521  _SlDrvProtectionObjUnLock             
20009019  _SlDrvReleasePoolObj                  
2000ebab  _SlDrvResetCmdExt                     
2000d845  _SlDrvRxIrqHandler                    
2000e841  _SlDrvStartMeasureTimeout             
2000e735  _SlDrvSyncObjSignal                   
2000e549  _SlDrvSyncObjWaitForever              
2000dd99  _SlDrvSyncObjWaitTimeout              
200098c1  _SlDrvWaitForPoolObj                  
2000f736  _SlNetAppSendTokenValueCmdCtrl        
2000d14d  _SlNonOsMainLoopTask                  
2000bd19  _SlNonOsSemGet                        
2000ea09  _SlNonOsSemSet                        
2000d371  _SlNonOsSpawn                         
20030000  __STACK_END                           
00001000  __STACK_SIZE                          
00008000  __SYSMEM_SIZE                         
2000f7e8  __TI_CINIT_Base                       
2000f7f8  __TI_CINIT_Limit                      
2000f7d0  __TI_Handler_Table_Base               
2000f7dc  __TI_Handler_Table_Limit              
2000dddd  __TI_auto_init_nobinit_nopinit        
2000d309  __TI_decompress_lzss                  
2000ebb9  __TI_decompress_none                  
ffffffff  __TI_pprof_out_hndl                   
2000655d  __TI_printfi                          
ffffffff  __TI_prof_data_size                   
ffffffff  __TI_prof_data_start                  
2000f770  __TI_static_base__                    
2000ebed  __TI_zero_init                        
2000cbd5  __aeabi_cdcmpeq                       
2000cbd5  __aeabi_cdcmple                       
2000cc5b  __aeabi_cdrcmple                      
2000dc85  __aeabi_d2iz                          
200093c3  __aeabi_dadd                          
2000a521  __aeabi_ddiv                          
2000ad09  __aeabi_dmul                          
200093b9  __aeabi_dsub                          
2000ec0d  __aeabi_errno_addr                    
2000e39d  __aeabi_i2d                           
2000a657  __aeabi_idiv0                         
2000a657  __aeabi_ldiv0                         
2000cf69  __aeabi_memclr                        
2000cf69  __aeabi_memclr4                       
2000cf69  __aeabi_memclr8                       
2000c0fd  __aeabi_memcpy                        
2000c0fd  __aeabi_memcpy4                       
2000c0fd  __aeabi_memcpy8                       
2000cf6b  __aeabi_memset                        
2000cf6b  __aeabi_memset4                       
2000cf6b  __aeabi_memset8                       
2000c52d  __aeabi_uldivmod                      
ffffffff  __binit__                             
ffffffff  __c_args__                            
UNDEFED   __mpu_init                            
2002f000  __stack                               
2000e1c5  _c_int00_noargs                       
2000f11f  _ctypes_                              
2001fa04  _lock                                 
2000956f  _nop                                  
2000d3d5  _sl_HandleAsync_Accept                
2000cde9  _sl_HandleAsync_Connect               
2000c659  _sl_HandleAsync_DnsGetHostByName      
2000b7c9  _sl_HandleAsync_DnsGetHostByService   
2000c9ad  _sl_HandleAsync_InitComplete          
2000c6e9  _sl_HandleAsync_PingResponse          
2000d899  _sl_HandleAsync_Select                
2000d995  _sl_HandleAsync_Stop                  
2000d29d  _sl_NetAppSendTokenValue              
20017000  _sys_memory                           
UNDEFED   _system_post_cinit                    
2000ec1b  _system_pre_init                      
2001fa08  _unlock                               
2000ec1f  abort                                 
2000db15  atoi                                  
ffffffff  binit                                 
2001f904  col                                   
2000eb29  copysign                              
2000eb29  copysignl                             
2001f98c  curX                                  
2001f990  curY                                  
2001f915  currChar                              
2001f994  cursor_x                              
2001f998  cursor_y                              
20006fbb  delay                                 
2000633b  drawChar                              
20005add  drawCircle                            
20005c11  drawCircleHelper                      
20007fed  drawFastHLine                         
20007f51  drawFastVLine                         
20005e57  drawLine                              
20008089  drawPixel                             
20005f43  drawRect                              
20005f91  drawRoundRect                         
200060f9  drawTriangle                          
2001f988  enterFlag                             
2001fa0c  errno                                 
20005d2f  fillCircle                            
20005d69  fillCircleHelper                      
20007e97  fillRect                              
2000607f  fillRoundRect                         
20007e81  fillScreen                            
2000613b  fillTriangle                          
2000b551  free                                  
2000d439  frexp                                 
2000d439  frexpl                                
2001f978  g_Host                                
2001f9d0  g_SlDeviceStatus                      
2001f9f8  g_SpiFd                               
2001f920  g__SlNonOsCB                          
2001f916  g_bDeviceRestartIsRequired            
2001f917  g_cDummy                              
2001f9d4  g_pCB                                 
2001f9fc  g_pHostIntHdl                         
20004000  g_pfnVectors                          
2001f888  g_time                                
2001f8f8  g_ucConnectionBSSID                   
2001f8b4  g_ucConnectionSSID                    
2001fa00  g_ucDMAEnabled                        
2001f838  g_ucDinDout                           
2001f918  g_ucLED1Pin                           
2001f919  g_ucLED2Pin                           
2001f91a  g_ucLED3Pin                           
2001f9ec  g_uiLED1Port                          
2001f9f0  g_uiLED2Port                          
2001f9f4  g_uiLED3Port                          
2001f974  g_ulGatewayIP                         
2001f970  g_ulPingPacketsRecv                   
2001f96c  g_ulStatus                            
2001f7d4  globBuffer                            
20007dfb  goTo                                  
200053d5  goertzel                              
2000653b  height                                
2001f908  i                                     
2001f968  id                                    
2000569d  interruptInit                         
200080c7  invert                                
2001f980  lastIdx                               
2000752d  lcdTestPattern                        
200075fd  lcdTestPattern2                       
2000aaf5  ldexp                                 
2000aaf5  ldexpl                                
2000d8ed  ltoa                                  
200056ed  main                                  
2000cfe5  malloc                                
2001f90c  max_power                             
2000e85d  memccpy                               
2000c0fd  memcpy                                
2000e62d  memmove                               
2000cf71  memset                                
2000e1fd  minit                                 
2001f989  muteFlag                              
2001f984  newButtonFlag                         
2001f91b  new_dig                               
2001f9d8  pPingCallBackFunc                     
20005485  post_test                             
2001f8d8  power_all                             
2001f97c  prevButton                            
2001f91c  prevChar                              
200048f7  printErrConvenience                   
2001f960  readyF                                
2000a9e1  realloc                               
2001f910  row                                   
2001f9c0  row_col                               
2001f000  sampleBuffer                          
2001f964  sampleCount                           
200055a5  sampleHandler                         
2000aaf5  scalbn                                
2000aaf5  scalbnl                               
200064d3  setCursor                             
2000650b  setTextColor                          
200064eb  setTextSize                           
20006523  setTextWrap                           
2000e0d9  simplelink_timerA2_start              
2000d5c9  sl_Close                              
20009a51  sl_Connect                            
2000b895  sl_DevGet                             
2000c235  sl_DevSet                             
2000de65  sl_Htonl                              
2000e115  sl_Htons                              
2000a2a1  sl_NetAppDnsGetHostByName             
2000b391  sl_NetAppMDNSRegisterUnregisterService
2000d49d  sl_NetAppMDNSUnRegisterService        
2000c2cd  sl_NetCfgSet                          
2000c05d  sl_Recv                               
2000a659  sl_Send                               
2000c365  sl_SetSockOpt                         
2000ca39  sl_Socket                             
2000b0d5  sl_Start                              
2000ae05  sl_Stop                               
200086fd  sl_WlanConnect                        
2000e235  sl_WlanDisconnect                     
2000c779  sl_WlanPolicySet                      
2000d629  sl_WlanProfileDel                     
2000cce1  sl_WlanRxFilterSet                    
2000c3fd  sl_WlanSet                            
2000d689  sl_WlanSetMode                        
2000d05d  spi_Close                             
2000a015  spi_Open                              
2000aef5  spi_Read                              
2000c495  spi_Write                             
2000df29  sprintf                               
20004ca9  stateMachine                          
2000ead7  strchr                                
2000eb3d  strcpy                                
2000eb51  strlen                                
200071f1  testdrawcircles                       
20007061  testdrawrects                         
20006fef  testfastlines                         
2000717f  testfillcircles                       
200070c1  testfillrects                         
2000735f  testlines                             
200072ed  testroundrects                        
2000726b  testtriangles                         
2001f95c  textTimeOut                           
2001f9a4  textbgcolor                           
2001f9a0  textcolor                             
2001f99c  textsize                              
2000db61  uDMAChannelAssign                     
2000d501  uDMAChannelAttributeDisable           
2000d565  uDMAChannelAttributeEnable            
2000e151  uDMAChannelControlSet                 
2000e879  uDMAChannelEnable                     
2000afe5  uDMAChannelTransferSet                
2000df69  vsnprintf                             
2000eb89  wcslen                                
20006537  width                                 
2001f9a8  wrap                                  
20007c5d  writeCommand                          
20007c93  writeData                             


GLOBAL SYMBOLS: SORTED BY Symbol Address 

address   name                                  
-------   ----                                  
00001000  __STACK_SIZE                          
00008000  __SYSMEM_SIZE                         
20004000  g_pfnVectors                          
20004401  SimpleLinkWlanEventHandler            
20004483  SimpleLinkNetAppEventHandler          
200044bb  SimpleLinkHttpServerCallback          
200044c7  SimpleLinkGeneralEventHandler         
200044d7  SimpleLinkSockEventHandler            
200048f7  printErrConvenience                   
20004ca9  stateMachine                          
200053d5  goertzel                              
20005485  post_test                             
200055a5  sampleHandler                         
2000569d  interruptInit                         
200056ed  main                                  
20005add  drawCircle                            
20005c11  drawCircleHelper                      
20005d2f  fillCircle                            
20005d69  fillCircleHelper                      
20005e57  drawLine                              
20005f43  drawRect                              
20005f91  drawRoundRect                         
2000607f  fillRoundRect                         
200060f9  drawTriangle                          
2000613b  fillTriangle                          
2000633b  drawChar                              
20006487  Outstr                                
200064d3  setCursor                             
200064eb  setTextSize                           
2000650b  setTextColor                          
20006523  setTextWrap                           
20006537  width                                 
2000653b  height                                
2000655d  __TI_printfi                          
20006fbb  delay                                 
20006fef  testfastlines                         
20007061  testdrawrects                         
200070c1  testfillrects                         
2000717f  testfillcircles                       
200071f1  testdrawcircles                       
2000726b  testtriangles                         
200072ed  testroundrects                        
2000735f  testlines                             
2000752d  lcdTestPattern                        
200075fd  lcdTestPattern2                       
20007c5d  writeCommand                          
20007c93  writeData                             
20007cc9  Adafruit_Init                         
20007dfb  goTo                                  
20007e3f  Color565                              
20007e81  fillScreen                            
20007e97  fillRect                              
20007f51  drawFastVLine                         
20007fed  drawFastHLine                         
20008089  drawPixel                             
200080c7  invert                                
20008121  GPIO_IF_LedConfigure                  
2000815f  GPIO_IF_LedOn                         
20008213  GPIO_IF_LedOff                        
200082c7  GPIO_IF_LedStatus                     
20008331  GPIO_IF_LedToggle                     
2000835f  GPIO_IF_GetPortNPin                   
200083a5  GPIO_IF_ConfigureNIntEnable           
200083ed  GPIO_IF_Set                           
20008431  GPIO_IF_Get                           
2000847d  InitTerm                              
2000849b  Message                               
200084bd  ClearTerm                             
200084c7  Error                                 
200084ff  GetCmd                                
200085a5  TrimSpace                             
2000863d  Report                                
200086fd  sl_WlanConnect                        
20008e35  _SlDrvDataReadOp                      
20009019  _SlDrvReleasePoolObj                  
200093b9  __aeabi_dsub                          
200093c3  __aeabi_dadd                          
2000956f  _nop                                  
20009571  _SlDrvDriverCBInit                    
200098c1  _SlDrvWaitForPoolObj                  
20009a51  sl_Connect                            
20009bdd  PRCMCC3200MCUInit                     
20009ec5  _SlDrvDataWriteOp                     
2000a015  spi_Open                              
2000a2a1  sl_NetAppDnsGetHostByName             
2000a521  __aeabi_ddiv                          
2000a657  __aeabi_idiv0                         
2000a657  __aeabi_ldiv0                         
2000a659  sl_Send                               
2000a78d  _SlDrvDriverCBDeinit                  
2000a9e1  realloc                               
2000aaf5  ldexp                                 
2000aaf5  ldexpl                                
2000aaf5  scalbn                                
2000aaf5  scalbnl                               
2000ac05  _SlDrvNetAppEventHandler              
2000ad09  __aeabi_dmul                          
2000ae05  sl_Stop                               
2000aef5  spi_Read                              
2000afe5  uDMAChannelTransferSet                
2000b0d5  sl_Start                              
2000b2a9  _SlDrvMsgReadSpawnCtx                 
2000b391  sl_NetAppMDNSRegisterUnregisterService
2000b551  free                                  
2000b7c9  _sl_HandleAsync_DnsGetHostByService   
2000b895  sl_DevGet                             
2000b961  PinMuxConfig                          
2000baed  _SlDrvCmdOp                           
2000bd19  _SlNonOsSemGet                        
2000bdc9  IntDisable                            
2000be71  IntEnable                             
2000bf19  _SlDriverHandleError                  
2000bfbd  SPIConfigSetExpClk                    
2000c05d  sl_Recv                               
2000c0fd  __aeabi_memcpy                        
2000c0fd  __aeabi_memcpy4                       
2000c0fd  __aeabi_memcpy8                       
2000c0fd  memcpy                                
2000c199  _SlDrvDeviceEventHandler              
2000c235  sl_DevSet                             
2000c2cd  sl_NetCfgSet                          
2000c365  sl_SetSockOpt                         
2000c3fd  sl_WlanSet                            
2000c495  spi_Write                             
2000c52d  __aeabi_uldivmod                      
2000c5c5  PRCMPeripheralClockGet                
2000c659  _sl_HandleAsync_DnsGetHostByName      
2000c6e9  _sl_HandleAsync_PingResponse          
2000c779  sl_WlanPolicySet                      
2000c921  _SlDrvIsTimeoutExpired                
2000c9ad  _sl_HandleAsync_InitComplete          
2000ca39  sl_Socket                             
2000cac5  PinConfigSet                          
2000cb4d  SPITransfer                           
2000cbd5  __aeabi_cdcmpeq                       
2000cbd5  __aeabi_cdcmple                       
2000cc5b  __aeabi_cdrcmple                      
2000cce1  sl_WlanRxFilterSet                    
2000cd65  GPIOIntTypeSet                        
2000cde9  _sl_HandleAsync_Connect               
2000cf69  __aeabi_memclr                        
2000cf69  __aeabi_memclr4                       
2000cf69  __aeabi_memclr8                       
2000cf6b  __aeabi_memset                        
2000cf6b  __aeabi_memset4                       
2000cf6b  __aeabi_memset8                       
2000cf71  memset                                
2000cfe5  malloc                                
2000d05d  spi_Close                             
2000d0d5  UARTConfigSetExpClk                   
2000d14d  _SlNonOsMainLoopTask                  
2000d231  _SlDrvCmdSend                         
2000d29d  _sl_NetAppSendTokenValue              
2000d309  __TI_decompress_lzss                  
2000d371  _SlNonOsSpawn                         
2000d3d5  _sl_HandleAsync_Accept                
2000d439  frexp                                 
2000d439  frexpl                                
2000d49d  sl_NetAppMDNSUnRegisterService        
2000d501  uDMAChannelAttributeDisable           
2000d565  uDMAChannelAttributeEnable            
2000d5c9  sl_Close                              
2000d629  sl_WlanProfileDel                     
2000d689  sl_WlanSetMode                        
2000d6e9  IntPendClear                          
2000d741  PRCMPeripheralReset                   
2000d7f1  IntPrioritySet                        
2000d845  _SlDrvRxIrqHandler                    
2000d899  _sl_HandleAsync_Select                
2000d8ed  ltoa                                  
2000d995  _sl_HandleAsync_Stop                  
2000d9e5  SPIIntEnable                          
2000da7d  _SlDrvProtectAsyncRespSetting         
2000db15  atoi                                  
2000db61  uDMAChannelAssign                     
2000dbf5  SPIIntClear                           
2000dc3d  _SlDrvBasicCmd                        
2000dc85  __aeabi_d2iz                          
2000dd11  TimerConfigure                        
2000dd99  _SlDrvSyncObjWaitTimeout              
2000dddd  __TI_auto_init_nobinit_nopinit        
2000de65  sl_Htonl                              
2000dea9  PinModeSet                            
2000df29  sprintf                               
2000df69  vsnprintf                             
2000dfa9  NwpRegisterInterruptHandler           
2000e061  PRCMPeripheralClkEnable               
2000e0d9  simplelink_timerA2_start              
2000e115  sl_Htons                              
2000e151  uDMAChannelControlSet                 
2000e18d  NwpPowerOff                           
2000e1c5  _c_int00_noargs                       
2000e1fd  minit                                 
2000e235  sl_WlanDisconnect                     
2000e26d  GPIODirModeSet                        
2000e2a5  PRCMPeripheralStatusGet               
2000e2d9  SPIFIFOLevelSet                       
2000e30d  PinTypeGPIO                           
2000e33d  UARTDisable                           
2000e39d  __aeabi_i2d                           
2000e3cd  NwpPowerOn                            
2000e3f9  PRCMSysResetCauseGet                  
2000e451  _SlDrvProtectionObjLockWaitForever    
2000e47d  TimerLoadSet                          
2000e4a7  TimerPrescaleSet                      
2000e4d1  PRCMPeripheralClkDisable              
2000e4f9  _SlDrvGlobalObjUnLock                 
2000e521  _SlDrvProtectionObjUnLock             
2000e549  _SlDrvSyncObjWaitForever              
2000e599  _SlDrvObjLockWaitForever              
2000e5c1  DmaSpiSwIntHandler                    
2000e5e5  IntUnregister                         
2000e609  UARTEnable                            
2000e62d  memmove                               
2000e651  SPIReset                              
2000e673  SPIWordCountSet                       
2000e695  GPIOPinWrite                          
2000e6b5  IntRegister                           
2000e6d5  NwpPrePowerOffTimout0                 
2000e6f5  TimerGetCurrentTimestamp              
2000e715  _SlDrvObjUnLock                       
2000e735  _SlDrvSyncObjSignal                   
2000e755  GPIOIntRegister                       
2000e773  TimerEnable                           
2000e791  UARTCharPut                           
2000e7af  UARTIntRegister                       
2000e7cd  UARTIntStatus                         
2000e809  TimerValueGet                         
2000e825  UARTCharGetNonBlocking                
2000e841  _SlDrvStartMeasureTimeout             
2000e85d  memccpy                               
2000e879  uDMAChannelEnable                     
2000e895  GPIOIntEnable                         
2000e8af  SPIDmaDisable                         
2000e8c9  SPIDmaEnable                          
2000e8e3  SPIFIFODisable                        
2000e8fd  SPIFIFOEnable                         
2000e917  SPIIntUnregister                      
2000e931  GPIOPinRead                           
2000e949  SPICSDisable                          
2000e961  SPICSEnable                           
2000e979  SPIDisable                            
2000e991  SPIEnable                             
2000e9a9  TimerIntDisable                       
2000e9c1  TimerIntEnable                        
2000e9d9  UARTCharsAvail                        
2000e9f1  UARTIntEnable                         
2000ea09  _SlNonOsSemSet                        
2000ea69  PRCMHIBRegRead                        
2000ea7f  PRCMHIBRegWrite                       
2000ea95  UARTCharGet                           
2000eaab  UARTFIFODisable                       
2000eac1  _SlDrvMemZero                         
2000ead7  strchr                                
2000eaed  CPUcpsie                              
2000eb01  GPIOIntClear                          
2000eb15  IntVTableBaseSet                      
2000eb29  copysign                              
2000eb29  copysignl                             
2000eb3d  strcpy                                
2000eb51  strlen                                
2000eb65  TimerIntClear                         
2000eb77  UARTIntClear                          
2000eb89  wcslen                                
2000eb9b  _SlDrvDispatchHttpServerEvents        
2000ebab  _SlDrvResetCmdExt                     
2000ebb9  __TI_decompress_none                  
2000ebc7  ResetISR                              
2000ebd5  NwpMaskInterrupt                      
2000ebe1  NwpUnMaskInterrupt                    
2000ebed  __TI_zero_init                        
2000ebf9  IntMasterEnable                       
2000ec0d  __aeabi_errno_addr                    
2000ec15  UtilsDelay                            
2000ec1b  _system_pre_init                      
2000ec1f  C$$EXIT                               
2000ec1f  abort                                 
2000f11f  _ctypes_                              
2000f51c  OpcodeTranslateTable                  
2000f558  _SlActionLookupTable                  
2000f736  _SlNetAppSendTokenValueCmdCtrl        
2000f770  __TI_static_base__                    
2000f7d0  __TI_Handler_Table_Base               
2000f7dc  __TI_Handler_Table_Limit              
2000f7e8  __TI_CINIT_Base                       
2000f7f8  __TI_CINIT_Limit                      
20017000  _sys_memory                           
2001f000  sampleBuffer                          
2001f7d4  globBuffer                            
2001f838  g_ucDinDout                           
2001f888  g_time                                
2001f8b4  g_ucConnectionSSID                    
2001f8d8  power_all                             
2001f8f8  g_ucConnectionBSSID                   
2001f904  col                                   
2001f908  i                                     
2001f90c  max_power                             
2001f910  row                                   
2001f914  RxIrqCnt                              
2001f915  currChar                              
2001f916  g_bDeviceRestartIsRequired            
2001f917  g_cDummy                              
2001f918  g_ucLED1Pin                           
2001f919  g_ucLED2Pin                           
2001f91a  g_ucLED3Pin                           
2001f91b  new_dig                               
2001f91c  prevChar                              
2001f920  g__SlNonOsCB                          
2001f95c  textTimeOut                           
2001f960  readyF                                
2001f964  sampleCount                           
2001f968  id                                    
2001f96c  g_ulStatus                            
2001f970  g_ulPingPacketsRecv                   
2001f974  g_ulGatewayIP                         
2001f978  g_Host                                
2001f97c  prevButton                            
2001f980  lastIdx                               
2001f984  newButtonFlag                         
2001f988  enterFlag                             
2001f989  muteFlag                              
2001f98c  curX                                  
2001f990  curY                                  
2001f994  cursor_x                              
2001f998  cursor_y                              
2001f99c  textsize                              
2001f9a0  textcolor                             
2001f9a4  textbgcolor                           
2001f9a8  wrap                                  
2001f9c0  row_col                               
2001f9d0  g_SlDeviceStatus                      
2001f9d4  g_pCB                                 
2001f9d8  pPingCallBackFunc                     
2001f9ec  g_uiLED1Port                          
2001f9f0  g_uiLED2Port                          
2001f9f4  g_uiLED3Port                          
2001f9f8  g_SpiFd                               
2001f9fc  g_pHostIntHdl                         
2001fa00  g_ucDMAEnabled                        
2001fa04  _lock                                 
2001fa08  _unlock                               
2001fa0c  errno                                 
2002f000  __stack                               
20030000  __STACK_END                           
ffffffff  __TI_pprof_out_hndl                   
ffffffff  __TI_prof_data_size                   
ffffffff  __TI_prof_data_start                  
ffffffff  __binit__                             
ffffffff  __c_args__                            
ffffffff  binit                                 
UNDEFED   __mpu_init                            
UNDEFED   _system_post_cinit                    

[352 symbols]
