<?xml version="1.0"?>
<link_info>
   <banner>TI ARM Linker PC v16.9.0.LTS</banner>
   <copyright>Copyright (c) 1996-2015 Texas Instruments Incorporated</copyright>
   <link_time>0x5c8858a4</link_time>
   <link_errors>0x0</link_errors>
   <output_file>Sensor.out</output_file>
   <entry_point>
      <name>_c_int00</name>
      <address>0x20009bf5</address>
   </entry_point>
   <input_file_list>
      <input_file id="fl-2">
         <path>.\</path>
         <kind>object</kind>
         <file>Adafruit_GFX.obj</file>
         <name>Adafruit_GFX.obj</name>
      </input_file>
      <input_file id="fl-3">
         <path>.\</path>
         <kind>object</kind>
         <file>Adafruit_OLED.obj</file>
         <name>Adafruit_OLED.obj</name>
      </input_file>
      <input_file id="fl-4">
         <path>.\</path>
         <kind>object</kind>
         <file>algorithm.obj</file>
         <name>algorithm.obj</name>
      </input_file>
      <input_file id="fl-5">
         <path>.\</path>
         <kind>object</kind>
         <file>i2c_if.obj</file>
         <name>i2c_if.obj</name>
      </input_file>
      <input_file id="fl-6">
         <path>.\</path>
         <kind>object</kind>
         <file>main.obj</file>
         <name>main.obj</name>
      </input_file>
      <input_file id="fl-7">
         <path>.\</path>
         <kind>object</kind>
         <file>max30102.obj</file>
         <name>max30102.obj</name>
      </input_file>
      <input_file id="fl-8">
         <path>.\</path>
         <kind>object</kind>
         <file>pinmux.obj</file>
         <name>pinmux.obj</name>
      </input_file>
      <input_file id="fl-9">
         <path>.\</path>
         <kind>object</kind>
         <file>startup_ccs.obj</file>
         <name>startup_ccs.obj</name>
      </input_file>
      <input_file id="fl-a">
         <path>.\</path>
         <kind>object</kind>
         <file>test.obj</file>
         <name>test.obj</name>
      </input_file>
      <input_file id="fl-b">
         <path>.\</path>
         <kind>object</kind>
         <file>uart_if.obj</file>
         <name>uart_if.obj</name>
      </input_file>
      <input_file id="fl-c6">
         <path>C:\ti\lib\</path>
         <kind>archive</kind>
         <file>rtsv7M4_T_le_eabi.lib</file>
         <name>boot.obj</name>
      </input_file>
      <input_file id="fl-c7">
         <path>C:\ti\lib\</path>
         <kind>archive</kind>
         <file>rtsv7M4_T_le_eabi.lib</file>
         <name>copy_decompress_lzss.obj</name>
      </input_file>
      <input_file id="fl-c8">
         <path>C:\ti\lib\</path>
         <kind>archive</kind>
         <file>rtsv7M4_T_le_eabi.lib</file>
         <name>copy_decompress_none.obj</name>
      </input_file>
      <input_file id="fl-c9">
         <path>C:\ti\lib\</path>
         <kind>archive</kind>
         <file>rtsv7M4_T_le_eabi.lib</file>
         <name>copy_zero_init.obj</name>
      </input_file>
      <input_file id="fl-ca">
         <path>C:\ti\lib\</path>
         <kind>archive</kind>
         <file>rtsv7M4_T_le_eabi.lib</file>
         <name>exit.obj</name>
      </input_file>
      <input_file id="fl-cb">
         <path>C:\ti\lib\</path>
         <kind>archive</kind>
         <file>rtsv7M4_T_le_eabi.lib</file>
         <name>memcpy_t2.obj</name>
      </input_file>
      <input_file id="fl-cc">
         <path>C:\ti\lib\</path>
         <kind>archive</kind>
         <file>rtsv7M4_T_le_eabi.lib</file>
         <name>memmov.obj</name>
      </input_file>
      <input_file id="fl-cd">
         <path>C:\ti\lib\</path>
         <kind>archive</kind>
         <file>rtsv7M4_T_le_eabi.lib</file>
         <name>memory.obj</name>
      </input_file>
      <input_file id="fl-ce">
         <path>C:\ti\lib\</path>
         <kind>archive</kind>
         <file>rtsv7M4_T_le_eabi.lib</file>
         <name>memset_t2.obj</name>
      </input_file>
      <input_file id="fl-cf">
         <path>C:\ti\lib\</path>
         <kind>archive</kind>
         <file>rtsv7M4_T_le_eabi.lib</file>
         <name>mpu_init.obj</name>
      </input_file>
      <input_file id="fl-d0">
         <path>C:\ti\lib\</path>
         <kind>archive</kind>
         <file>rtsv7M4_T_le_eabi.lib</file>
         <name>pre_init.obj</name>
      </input_file>
      <input_file id="fl-d1">
         <path>C:\ti\lib\</path>
         <kind>archive</kind>
         <file>rtsv7M4_T_le_eabi.lib</file>
         <name>sprintf.obj</name>
      </input_file>
      <input_file id="fl-d2">
         <path>C:\ti\lib\</path>
         <kind>archive</kind>
         <file>rtsv7M4_T_le_eabi.lib</file>
         <name>stkdepth_vars.obj</name>
      </input_file>
      <input_file id="fl-d3">
         <path>C:\ti\lib\</path>
         <kind>archive</kind>
         <file>rtsv7M4_T_le_eabi.lib</file>
         <name>strlen.obj</name>
      </input_file>
      <input_file id="fl-d4">
         <path>C:\ti\lib\</path>
         <kind>archive</kind>
         <file>rtsv7M4_T_le_eabi.lib</file>
         <name>vsnprintf.obj</name>
      </input_file>
      <input_file id="fl-d5">
         <path>C:\ti\lib\</path>
         <kind>archive</kind>
         <file>rtsv7M4_T_le_eabi.lib</file>
         <name>_lock.obj</name>
      </input_file>
      <input_file id="fl-d6">
         <path>C:\ti\lib\</path>
         <kind>archive</kind>
         <file>rtsv7M4_T_le_eabi.lib</file>
         <name>_printfi.obj</name>
      </input_file>
      <input_file id="fl-d7">
         <path>C:\ti\lib\</path>
         <kind>archive</kind>
         <file>rtsv7M4_T_le_eabi.lib</file>
         <name>args_main.obj</name>
      </input_file>
      <input_file id="fl-d8">
         <path>C:\ti\lib\</path>
         <kind>archive</kind>
         <file>rtsv7M4_T_le_eabi.lib</file>
         <name>atoi.obj</name>
      </input_file>
      <input_file id="fl-d9">
         <path>C:\ti\lib\</path>
         <kind>archive</kind>
         <file>rtsv7M4_T_le_eabi.lib</file>
         <name>autoinit.obj</name>
      </input_file>
      <input_file id="fl-da">
         <path>C:\ti\lib\</path>
         <kind>archive</kind>
         <file>rtsv7M4_T_le_eabi.lib</file>
         <name>cpy_tbl.obj</name>
      </input_file>
      <input_file id="fl-db">
         <path>C:\ti\lib\</path>
         <kind>archive</kind>
         <file>rtsv7M4_T_le_eabi.lib</file>
         <name>ctype.obj</name>
      </input_file>
      <input_file id="fl-dc">
         <path>C:\ti\lib\</path>
         <kind>archive</kind>
         <file>rtsv7M4_T_le_eabi.lib</file>
         <name>fd_add_t2.obj</name>
      </input_file>
      <input_file id="fl-dd">
         <path>C:\ti\lib\</path>
         <kind>archive</kind>
         <file>rtsv7M4_T_le_eabi.lib</file>
         <name>fd_cmp_t2.obj</name>
      </input_file>
      <input_file id="fl-de">
         <path>C:\ti\lib\</path>
         <kind>archive</kind>
         <file>rtsv7M4_T_le_eabi.lib</file>
         <name>fd_div_t2.obj</name>
      </input_file>
      <input_file id="fl-df">
         <path>C:\ti\lib\</path>
         <kind>archive</kind>
         <file>rtsv7M4_T_le_eabi.lib</file>
         <name>fd_mul_t2.obj</name>
      </input_file>
      <input_file id="fl-e0">
         <path>C:\ti\lib\</path>
         <kind>archive</kind>
         <file>rtsv7M4_T_le_eabi.lib</file>
         <name>fd_toi_t2.obj</name>
      </input_file>
      <input_file id="fl-e1">
         <path>C:\ti\lib\</path>
         <kind>archive</kind>
         <file>rtsv7M4_T_le_eabi.lib</file>
         <name>i_tofd_t2.obj</name>
      </input_file>
      <input_file id="fl-e2">
         <path>C:\ti\lib\</path>
         <kind>archive</kind>
         <file>rtsv7M4_T_le_eabi.lib</file>
         <name>ltoa.obj</name>
      </input_file>
      <input_file id="fl-e3">
         <path>C:\ti\lib\</path>
         <kind>archive</kind>
         <file>rtsv7M4_T_le_eabi.lib</file>
         <name>memccpy.obj</name>
      </input_file>
      <input_file id="fl-e4">
         <path>C:\ti\lib\</path>
         <kind>archive</kind>
         <file>rtsv7M4_T_le_eabi.lib</file>
         <name>s_frexp.obj</name>
      </input_file>
      <input_file id="fl-e5">
         <path>C:\ti\lib\</path>
         <kind>archive</kind>
         <file>rtsv7M4_T_le_eabi.lib</file>
         <name>s_scalbn.obj</name>
      </input_file>
      <input_file id="fl-e6">
         <path>C:\ti\lib\</path>
         <kind>archive</kind>
         <file>rtsv7M4_T_le_eabi.lib</file>
         <name>startup.obj</name>
      </input_file>
      <input_file id="fl-e7">
         <path>C:\ti\lib\</path>
         <kind>archive</kind>
         <file>rtsv7M4_T_le_eabi.lib</file>
         <name>strchr.obj</name>
      </input_file>
      <input_file id="fl-e8">
         <path>C:\ti\lib\</path>
         <kind>archive</kind>
         <file>rtsv7M4_T_le_eabi.lib</file>
         <name>ull_div_t2.obj</name>
      </input_file>
      <input_file id="fl-e9">
         <path>C:\ti\lib\</path>
         <kind>archive</kind>
         <file>rtsv7M4_T_le_eabi.lib</file>
         <name>errno.obj</name>
      </input_file>
      <input_file id="fl-ea">
         <path>C:\ti\lib\</path>
         <kind>archive</kind>
         <file>rtsv7M4_T_le_eabi.lib</file>
         <name>s_copysign.obj</name>
      </input_file>
      <input_file id="fl-eb">
         <path>C:\ti\CC3200SDK_1.3.0\cc3200-sdk\driverlib\ccs\Release\</path>
         <kind>archive</kind>
         <file>driverlib.a</file>
         <name>gpio.obj</name>
      </input_file>
      <input_file id="fl-ec">
         <path>C:\ti\CC3200SDK_1.3.0\cc3200-sdk\driverlib\ccs\Release\</path>
         <kind>archive</kind>
         <file>driverlib.a</file>
         <name>i2c.obj</name>
      </input_file>
      <input_file id="fl-ed">
         <path>C:\ti\CC3200SDK_1.3.0\cc3200-sdk\driverlib\ccs\Release\</path>
         <kind>archive</kind>
         <file>driverlib.a</file>
         <name>interrupt.obj</name>
      </input_file>
      <input_file id="fl-ee">
         <path>C:\ti\CC3200SDK_1.3.0\cc3200-sdk\driverlib\ccs\Release\</path>
         <kind>archive</kind>
         <file>driverlib.a</file>
         <name>pin.obj</name>
      </input_file>
      <input_file id="fl-ef">
         <path>C:\ti\CC3200SDK_1.3.0\cc3200-sdk\driverlib\ccs\Release\</path>
         <kind>archive</kind>
         <file>driverlib.a</file>
         <name>prcm.obj</name>
      </input_file>
      <input_file id="fl-f0">
         <path>C:\ti\CC3200SDK_1.3.0\cc3200-sdk\driverlib\ccs\Release\</path>
         <kind>archive</kind>
         <file>driverlib.a</file>
         <name>spi.obj</name>
      </input_file>
      <input_file id="fl-f1">
         <path>C:\ti\CC3200SDK_1.3.0\cc3200-sdk\driverlib\ccs\Release\</path>
         <kind>archive</kind>
         <file>driverlib.a</file>
         <name>timer.obj</name>
      </input_file>
      <input_file id="fl-f2">
         <path>C:\ti\CC3200SDK_1.3.0\cc3200-sdk\driverlib\ccs\Release\</path>
         <kind>archive</kind>
         <file>driverlib.a</file>
         <name>uart.obj</name>
      </input_file>
      <input_file id="fl-f3">
         <path>C:\ti\CC3200SDK_1.3.0\cc3200-sdk\driverlib\ccs\Release\</path>
         <kind>archive</kind>
         <file>driverlib.a</file>
         <name>utils.obj</name>
      </input_file>
      <input_file id="fl-f4">
         <path>C:\ti\CC3200SDK_1.3.0\cc3200-sdk\driverlib\ccs\Release\</path>
         <kind>archive</kind>
         <file>driverlib.a</file>
         <name>cpu.obj</name>
      </input_file>
      <input_file id="fl-f5">
         <path>C:\ti\CC3200SDK_1.3.0\cc3200-sdk\driverlib\ccs\Release\</path>
         <kind>archive</kind>
         <file>driverlib.a</file>
         <name>flash.obj</name>
      </input_file>
   </input_file_list>
   <object_component_list>
      <object_component id="oc-f">
         <name>.intvecs</name>
         <load_address>0x20004000</load_address>
         <run_address>0x20004000</run_address>
         <size>0x400</size>
         <input_file_ref idref="fl-9"/>
      </object_component>
      <object_component id="oc-202">
         <name>.text</name>
         <load_address>0x20004400</load_address>
         <run_address>0x20004400</run_address>
         <size>0x111e</size>
         <input_file_ref idref="fl-d6"/>
      </object_component>
      <object_component id="oc-59">
         <name>.text</name>
         <load_address>0x2000551e</load_address>
         <run_address>0x2000551e</run_address>
         <size>0x2</size>
         <input_file_ref idref="fl-cf"/>
      </object_component>
      <object_component id="oc-f6">
         <name>.text</name>
         <load_address>0x20005520</load_address>
         <run_address>0x20005520</run_address>
         <size>0xa80</size>
         <input_file_ref idref="fl-2"/>
      </object_component>
      <object_component id="oc-a8">
         <name>.text</name>
         <load_address>0x20005fa0</load_address>
         <run_address>0x20005fa0</run_address>
         <size>0x7e8</size>
         <input_file_ref idref="fl-6"/>
      </object_component>
      <object_component id="oc-187">
         <name>.text</name>
         <load_address>0x20006788</load_address>
         <run_address>0x20006788</run_address>
         <size>0x74a</size>
         <input_file_ref idref="fl-4"/>
      </object_component>
      <object_component id="oc-114">
         <name>.text</name>
         <load_address>0x20006ed2</load_address>
         <run_address>0x20006ed2</run_address>
         <size>0x712</size>
         <input_file_ref idref="fl-a"/>
      </object_component>
      <object_component id="oc-108">
         <name>.text</name>
         <load_address>0x200075e4</load_address>
         <run_address>0x200075e4</run_address>
         <size>0x486</size>
         <input_file_ref idref="fl-3"/>
      </object_component>
      <object_component id="oc-a0">
         <name>.text</name>
         <load_address>0x20007a6a</load_address>
         <run_address>0x20007a6a</run_address>
         <size>0x2</size>
         <input_file_ref idref="fl-e6"/>
      </object_component>
      <object_component id="oc-102">
         <name>.text</name>
         <load_address>0x20007a6c</load_address>
         <run_address>0x20007a6c</run_address>
         <size>0x3d0</size>
         <input_file_ref idref="fl-cd"/>
      </object_component>
      <object_component id="oc-120">
         <name>.text</name>
         <load_address>0x20007e3c</load_address>
         <run_address>0x20007e3c</run_address>
         <size>0x284</size>
         <input_file_ref idref="fl-5"/>
      </object_component>
      <object_component id="oc-15d">
         <name>.text</name>
         <load_address>0x200080c0</load_address>
         <run_address>0x200080c0</run_address>
         <size>0x280</size>
         <input_file_ref idref="fl-b"/>
      </object_component>
      <object_component id="oc-17b">
         <name>.text</name>
         <load_address>0x20008340</load_address>
         <run_address>0x20008340</run_address>
         <size>0x1f8</size>
         <input_file_ref idref="fl-7"/>
      </object_component>
      <object_component id="oc-2fe">
         <name>.text</name>
         <load_address>0x20008538</load_address>
         <run_address>0x20008538</run_address>
         <size>0x1f4</size>
         <input_file_ref idref="fl-e8"/>
      </object_component>
      <object_component id="oc-327">
         <name>.text</name>
         <load_address>0x2000872c</load_address>
         <run_address>0x2000872c</run_address>
         <size>0x1b6</size>
         <input_file_ref idref="fl-dc"/>
      </object_component>
      <object_component id="oc-ea">
         <name>.text:PRCMCC3200MCUInit</name>
         <load_address>0x200088e4</load_address>
         <run_address>0x200088e4</run_address>
         <size>0x178</size>
         <input_file_ref idref="fl-ef"/>
      </object_component>
      <object_component id="oc-157">
         <name>.text</name>
         <load_address>0x20008a5c</load_address>
         <run_address>0x20008a5c</run_address>
         <size>0x140</size>
         <input_file_ref idref="fl-8"/>
      </object_component>
      <object_component id="oc-30d">
         <name>.text</name>
         <load_address>0x20008b9c</load_address>
         <run_address>0x20008b9c</run_address>
         <size>0x136</size>
         <input_file_ref idref="fl-de"/>
      </object_component>
      <object_component id="oc-308">
         <name>.text</name>
         <load_address>0x20008cd2</load_address>
         <run_address>0x20008cd2</run_address>
         <size>0xfc</size>
         <input_file_ref idref="fl-df"/>
      </object_component>
      <object_component id="oc-2f4">
         <name>.text:SPITransfer32</name>
         <load_address>0x20008dce</load_address>
         <run_address>0x20008dce</run_address>
         <size>0xd0</size>
         <input_file_ref idref="fl-f0"/>
      </object_component>
      <object_component id="oc-332">
         <name>.text</name>
         <load_address>0x20008ea0</load_address>
         <run_address>0x20008ea0</run_address>
         <size>0xd0</size>
         <input_file_ref idref="fl-e5"/>
      </object_component>
      <object_component id="oc-2ee">
         <name>.text:SPITransfer16</name>
         <load_address>0x20008f70</load_address>
         <run_address>0x20008f70</run_address>
         <size>0xce</size>
         <input_file_ref idref="fl-f0"/>
      </object_component>
      <object_component id="oc-2e8">
         <name>.text:SPITransfer8</name>
         <load_address>0x2000903e</load_address>
         <run_address>0x2000903e</run_address>
         <size>0xb8</size>
         <input_file_ref idref="fl-f0"/>
      </object_component>
      <object_component id="oc-e4">
         <name>.text:IntEnable</name>
         <load_address>0x200090f8</load_address>
         <run_address>0x200090f8</run_address>
         <size>0xa8</size>
         <input_file_ref idref="fl-ed"/>
      </object_component>
      <object_component id="oc-175">
         <name>.text:SPIConfigSetExpClk</name>
         <load_address>0x200091a0</load_address>
         <run_address>0x200091a0</run_address>
         <size>0xa0</size>
         <input_file_ref idref="fl-f0"/>
      </object_component>
      <object_component id="oc-41">
         <name>.text</name>
         <load_address>0x20009240</load_address>
         <run_address>0x20009240</run_address>
         <size>0x9c</size>
         <input_file_ref idref="fl-cb"/>
      </object_component>
      <object_component id="oc-163">
         <name>.text:PRCMPeripheralClockGet</name>
         <load_address>0x200092dc</load_address>
         <run_address>0x200092dc</run_address>
         <size>0x94</size>
         <input_file_ref idref="fl-ef"/>
      </object_component>
      <object_component id="oc-37a">
         <name>.text:PinConfigSet</name>
         <load_address>0x20009370</load_address>
         <run_address>0x20009370</run_address>
         <size>0x88</size>
         <input_file_ref idref="fl-ee"/>
      </object_component>
      <object_component id="oc-1fa">
         <name>.text:SPITransfer</name>
         <load_address>0x200093f8</load_address>
         <run_address>0x200093f8</run_address>
         <size>0x88</size>
         <input_file_ref idref="fl-f0"/>
      </object_component>
      <object_component id="oc-28d">
         <name>.text</name>
         <load_address>0x20009480</load_address>
         <run_address>0x20009480</run_address>
         <size>0x88</size>
         <input_file_ref idref="fl-d4"/>
      </object_component>
      <object_component id="oc-303">
         <name>.text:__aeabi_cdcmple</name>
         <load_address>0x20009508</load_address>
         <run_address>0x20009508</run_address>
         <size>0x86</size>
         <input_file_ref idref="fl-dd"/>
      </object_component>
      <object_component id="oc-312">
         <name>.text:__aeabi_cdrcmple</name>
         <load_address>0x2000958e</load_address>
         <run_address>0x2000958e</run_address>
         <size>0x86</size>
         <input_file_ref idref="fl-dd"/>
      </object_component>
      <object_component id="oc-241">
         <name>.text:I2CMasterInitExpClk</name>
         <load_address>0x20009614</load_address>
         <run_address>0x20009614</run_address>
         <size>0x84</size>
         <input_file_ref idref="fl-ec"/>
      </object_component>
      <object_component id="oc-4d">
         <name>.text</name>
         <load_address>0x20009698</load_address>
         <run_address>0x20009698</run_address>
         <size>0x7a</size>
         <input_file_ref idref="fl-ce"/>
      </object_component>
      <object_component id="oc-169">
         <name>.text:UARTConfigSetExpClk</name>
         <load_address>0x20009712</load_address>
         <run_address>0x20009712</run_address>
         <size>0x76</size>
         <input_file_ref idref="fl-f2"/>
      </object_component>
      <object_component id="oc-14b">
         <name>.text:TimerIntRegister</name>
         <load_address>0x20009788</load_address>
         <run_address>0x20009788</run_address>
         <size>0x70</size>
         <input_file_ref idref="fl-f1"/>
      </object_component>
      <object_component id="oc-65">
         <name>.text</name>
         <load_address>0x200097f8</load_address>
         <run_address>0x200097f8</run_address>
         <size>0x70</size>
         <input_file_ref idref="fl-d9"/>
      </object_component>
      <object_component id="oc-12">
         <name>.text:decompress:lzss</name>
         <load_address>0x20009868</load_address>
         <run_address>0x20009868</run_address>
         <size>0x68</size>
         <input_file_ref idref="fl-c7"/>
      </object_component>
      <object_component id="oc-10e">
         <name>.text</name>
         <load_address>0x200098d0</load_address>
         <run_address>0x200098d0</run_address>
         <size>0x60</size>
         <input_file_ref idref="fl-d1"/>
      </object_component>
      <object_component id="oc-32c">
         <name>.text</name>
         <load_address>0x20009930</load_address>
         <run_address>0x20009930</run_address>
         <size>0x5c</size>
         <input_file_ref idref="fl-e4"/>
      </object_component>
      <object_component id="oc-133">
         <name>.text:PRCMPeripheralReset</name>
         <load_address>0x2000998c</load_address>
         <run_address>0x2000998c</run_address>
         <size>0x58</size>
         <input_file_ref idref="fl-ef"/>
      </object_component>
      <object_component id="oc-31c">
         <name>.text</name>
         <load_address>0x200099e4</load_address>
         <run_address>0x200099e4</run_address>
         <size>0x56</size>
         <input_file_ref idref="fl-e2"/>
      </object_component>
      <object_component id="oc-71">
         <name>.text</name>
         <load_address>0x20009a3c</load_address>
         <run_address>0x20009a3c</run_address>
         <size>0x54</size>
         <input_file_ref idref="fl-ca"/>
      </object_component>
      <object_component id="oc-33e">
         <name>.text</name>
         <load_address>0x20009a90</load_address>
         <run_address>0x20009a90</run_address>
         <size>0x4c</size>
         <input_file_ref idref="fl-d8"/>
      </object_component>
      <object_component id="oc-9a">
         <name>.text</name>
         <load_address>0x20009adc</load_address>
         <run_address>0x20009adc</run_address>
         <size>0x4c</size>
         <input_file_ref idref="fl-da"/>
      </object_component>
      <object_component id="oc-317">
         <name>.text</name>
         <load_address>0x20009b28</load_address>
         <run_address>0x20009b28</run_address>
         <size>0x48</size>
         <input_file_ref idref="fl-e0"/>
      </object_component>
      <object_component id="oc-139">
         <name>.text:TimerConfigure</name>
         <load_address>0x20009b70</load_address>
         <run_address>0x20009b70</run_address>
         <size>0x44</size>
         <input_file_ref idref="fl-f1"/>
      </object_component>
      <object_component id="oc-380">
         <name>.text:PinModeSet</name>
         <load_address>0x20009bb4</load_address>
         <run_address>0x20009bb4</run_address>
         <size>0x40</size>
         <input_file_ref idref="fl-ee"/>
      </object_component>
      <object_component id="oc-24">
         <name>.text</name>
         <load_address>0x20009bf4</load_address>
         <run_address>0x20009bf4</run_address>
         <size>0x40</size>
         <input_file_ref idref="fl-c6"/>
      </object_component>
      <object_component id="oc-12d">
         <name>.text:PRCMPeripheralClkEnable</name>
         <load_address>0x20009c34</load_address>
         <run_address>0x20009c34</run_address>
         <size>0x3c</size>
         <input_file_ref idref="fl-ef"/>
      </object_component>
      <object_component id="oc-274">
         <name>.text:GPIODirModeSet</name>
         <load_address>0x20009c70</load_address>
         <run_address>0x20009c70</run_address>
         <size>0x36</size>
         <input_file_ref idref="fl-eb"/>
      </object_component>
      <object_component id="oc-26e">
         <name>.text:PinTypeGPIO</name>
         <load_address>0x20009ca6</load_address>
         <run_address>0x20009ca6</run_address>
         <size>0x30</size>
         <input_file_ref idref="fl-ee"/>
      </object_component>
      <object_component id="oc-2b6">
         <name>.text:UARTDisable</name>
         <load_address>0x20009cd8</load_address>
         <run_address>0x20009cd8</run_address>
         <size>0x30</size>
         <input_file_ref idref="fl-f2"/>
      </object_component>
      <object_component id="oc-322">
         <name>.text</name>
         <load_address>0x20009d08</load_address>
         <run_address>0x20009d08</run_address>
         <size>0x2e</size>
         <input_file_ref idref="fl-e1"/>
      </object_component>
      <object_component id="oc-229">
         <name>.text:I2CMasterErr</name>
         <load_address>0x20009d36</load_address>
         <run_address>0x20009d36</run_address>
         <size>0x2c</size>
         <input_file_ref idref="fl-ec"/>
      </object_component>
      <object_component id="oc-1cd">
         <name>.text:PRCMSysResetCauseGet</name>
         <load_address>0x20009d64</load_address>
         <run_address>0x20009d64</run_address>
         <size>0x2c</size>
         <input_file_ref idref="fl-ef"/>
      </object_component>
      <object_component id="oc-13f">
         <name>.text:TimerLoadSet</name>
         <load_address>0x20009d90</load_address>
         <run_address>0x20009d90</run_address>
         <size>0x2a</size>
         <input_file_ref idref="fl-f1"/>
      </object_component>
      <object_component id="oc-1df">
         <name>.text:PRCMPeripheralClkDisable</name>
         <load_address>0x20009dbc</load_address>
         <run_address>0x20009dbc</run_address>
         <size>0x28</size>
         <input_file_ref idref="fl-ef"/>
      </object_component>
      <object_component id="oc-2bc">
         <name>.text:UARTEnable</name>
         <load_address>0x20009de4</load_address>
         <run_address>0x20009de4</run_address>
         <size>0x24</size>
         <input_file_ref idref="fl-f2"/>
      </object_component>
      <object_component id="oc-2a5">
         <name>.text</name>
         <load_address>0x20009e08</load_address>
         <run_address>0x20009e08</run_address>
         <size>0x24</size>
         <input_file_ref idref="fl-cc"/>
      </object_component>
      <object_component id="oc-22f">
         <name>.text:I2CMasterSlaveAddrSet</name>
         <load_address>0x20009e2c</load_address>
         <run_address>0x20009e2c</run_address>
         <size>0x22</size>
         <input_file_ref idref="fl-ec"/>
      </object_component>
      <object_component id="oc-16f">
         <name>.text:SPIReset</name>
         <load_address>0x20009e4e</load_address>
         <run_address>0x20009e4e</run_address>
         <size>0x22</size>
         <input_file_ref idref="fl-f0"/>
      </object_component>
      <object_component id="oc-1f4">
         <name>.text:GPIOPinWrite</name>
         <load_address>0x20009e70</load_address>
         <run_address>0x20009e70</run_address>
         <size>0x20</size>
         <input_file_ref idref="fl-eb"/>
      </object_component>
      <object_component id="oc-265">
         <name>.text:IntRegister</name>
         <load_address>0x20009e90</load_address>
         <run_address>0x20009e90</run_address>
         <size>0x20</size>
         <input_file_ref idref="fl-ed"/>
      </object_component>
      <object_component id="oc-211">
         <name>.text:I2CMasterIntStatusEx</name>
         <load_address>0x20009eb0</load_address>
         <run_address>0x20009eb0</run_address>
         <size>0x1e</size>
         <input_file_ref idref="fl-ec"/>
      </object_component>
      <object_component id="oc-145">
         <name>.text:TimerEnable</name>
         <load_address>0x20009ece</load_address>
         <run_address>0x20009ece</run_address>
         <size>0x1e</size>
         <input_file_ref idref="fl-f1"/>
      </object_component>
      <object_component id="oc-11a">
         <name>.text:UARTCharPut</name>
         <load_address>0x20009eec</load_address>
         <run_address>0x20009eec</run_address>
         <size>0x1e</size>
         <input_file_ref idref="fl-f2"/>
      </object_component>
      <object_component id="oc-280">
         <name>.text:PinTypeI2C</name>
         <load_address>0x20009f0a</load_address>
         <run_address>0x20009f0a</run_address>
         <size>0x1c</size>
         <input_file_ref idref="fl-ee"/>
      </object_component>
      <object_component id="oc-299">
         <name>.text:UARTCharGetNonBlocking</name>
         <load_address>0x20009f26</load_address>
         <run_address>0x20009f26</run_address>
         <size>0x1c</size>
         <input_file_ref idref="fl-f2"/>
      </object_component>
      <object_component id="oc-344">
         <name>.text</name>
         <load_address>0x20009f42</load_address>
         <run_address>0x20009f42</run_address>
         <size>0x1c</size>
         <input_file_ref idref="fl-e3"/>
      </object_component>
      <object_component id="oc-27a">
         <name>.text:PinTypeSPI</name>
         <load_address>0x20009f5e</load_address>
         <run_address>0x20009f5e</run_address>
         <size>0x1a</size>
         <input_file_ref idref="fl-ee"/>
      </object_component>
      <object_component id="oc-286">
         <name>.text:PinTypeUART</name>
         <load_address>0x20009f78</load_address>
         <run_address>0x20009f78</run_address>
         <size>0x1a</size>
         <input_file_ref idref="fl-ee"/>
      </object_component>
      <object_component id="oc-181">
         <name>.text:GPIOPinRead</name>
         <load_address>0x20009f92</load_address>
         <run_address>0x20009f92</run_address>
         <size>0x18</size>
         <input_file_ref idref="fl-eb"/>
      </object_component>
      <object_component id="oc-fc">
         <name>.text:SPIDisable</name>
         <load_address>0x20009faa</load_address>
         <run_address>0x20009faa</run_address>
         <size>0x18</size>
         <input_file_ref idref="fl-f0"/>
      </object_component>
      <object_component id="oc-f0">
         <name>.text:SPIEnable</name>
         <load_address>0x20009fc2</load_address>
         <run_address>0x20009fc2</run_address>
         <size>0x18</size>
         <input_file_ref idref="fl-f0"/>
      </object_component>
      <object_component id="oc-151">
         <name>.text:TimerIntEnable</name>
         <load_address>0x20009fda</load_address>
         <run_address>0x20009fda</run_address>
         <size>0x18</size>
         <input_file_ref idref="fl-f1"/>
      </object_component>
      <object_component id="oc-293">
         <name>.text:UARTCharsAvail</name>
         <load_address>0x20009ff2</load_address>
         <run_address>0x20009ff2</run_address>
         <size>0x18</size>
         <input_file_ref idref="fl-f2"/>
      </object_component>
      <object_component id="oc-6b">
         <name>.text</name>
         <load_address>0x2000a00c</load_address>
         <run_address>0x2000a00c</run_address>
         <size>0x18</size>
         <input_file_ref idref="fl-d7"/>
      </object_component>
      <object_component id="oc-235">
         <name>.text:I2CMasterDataPut</name>
         <load_address>0x2000a024</load_address>
         <run_address>0x2000a024</run_address>
         <size>0x16</size>
         <input_file_ref idref="fl-ec"/>
      </object_component>
      <object_component id="oc-365">
         <name>.text:I2CMasterEnable</name>
         <load_address>0x2000a03a</load_address>
         <run_address>0x2000a03a</run_address>
         <size>0x16</size>
         <input_file_ref idref="fl-ec"/>
      </object_component>
      <object_component id="oc-1d3">
         <name>.text:PRCMHIBRegRead</name>
         <load_address>0x2000a050</load_address>
         <run_address>0x2000a050</run_address>
         <size>0x16</size>
         <input_file_ref idref="fl-ef"/>
      </object_component>
      <object_component id="oc-1d9">
         <name>.text:PRCMHIBRegWrite</name>
         <load_address>0x2000a066</load_address>
         <run_address>0x2000a066</run_address>
         <size>0x16</size>
         <input_file_ref idref="fl-ef"/>
      </object_component>
      <object_component id="oc-338">
         <name>.text</name>
         <load_address>0x2000a07c</load_address>
         <run_address>0x2000a07c</run_address>
         <size>0x16</size>
         <input_file_ref idref="fl-e7"/>
      </object_component>
      <object_component id="oc-1bd">
         <name>.text:CPUcpsie</name>
         <load_address>0x2000a092</load_address>
         <run_address>0x2000a092</run_address>
         <size>0x14</size>
         <input_file_ref idref="fl-f4"/>
      </object_component>
      <object_component id="oc-d8">
         <name>.text:IntVTableBaseSet</name>
         <load_address>0x2000a0a8</load_address>
         <run_address>0x2000a0a8</run_address>
         <size>0x14</size>
         <input_file_ref idref="fl-ed"/>
      </object_component>
      <object_component id="oc-1a4">
         <name>.text</name>
         <load_address>0x2000a0bc</load_address>
         <run_address>0x2000a0bc</run_address>
         <size>0x14</size>
         <input_file_ref idref="fl-d5"/>
      </object_component>
      <object_component id="oc-29f">
         <name>.text</name>
         <load_address>0x2000a0d0</load_address>
         <run_address>0x2000a0d0</run_address>
         <size>0x14</size>
         <input_file_ref idref="fl-d3"/>
      </object_component>
      <object_component id="oc-223">
         <name>.text:I2CMasterControl</name>
         <load_address>0x2000a0e4</load_address>
         <run_address>0x2000a0e4</run_address>
         <size>0x12</size>
         <input_file_ref idref="fl-ec"/>
      </object_component>
      <object_component id="oc-217">
         <name>.text:I2CMasterIntClearEx</name>
         <load_address>0x2000a0f6</load_address>
         <run_address>0x2000a0f6</run_address>
         <size>0x12</size>
         <input_file_ref idref="fl-ec"/>
      </object_component>
      <object_component id="oc-21d">
         <name>.text:I2CMasterTimeoutSet</name>
         <load_address>0x2000a108</load_address>
         <run_address>0x2000a108</run_address>
         <size>0x12</size>
         <input_file_ref idref="fl-ec"/>
      </object_component>
      <object_component id="oc-23b">
         <name>.text:I2CMasterDataGet</name>
         <load_address>0x2000a11a</load_address>
         <run_address>0x2000a11a</run_address>
         <size>0xe</size>
         <input_file_ref idref="fl-ec"/>
      </object_component>
      <object_component id="oc-18">
         <name>.text:decompress:none</name>
         <load_address>0x2000a128</load_address>
         <run_address>0x2000a128</run_address>
         <size>0xe</size>
         <input_file_ref idref="fl-c8"/>
      </object_component>
      <object_component id="oc-2d">
         <name>.text</name>
         <load_address>0x2000a136</load_address>
         <run_address>0x2000a136</run_address>
         <size>0xe</size>
         <input_file_ref idref="fl-9"/>
      </object_component>
      <object_component id="oc-1e">
         <name>.text:decompress:ZI</name>
         <load_address>0x2000a144</load_address>
         <run_address>0x2000a144</run_address>
         <size>0xc</size>
         <input_file_ref idref="fl-c9"/>
      </object_component>
      <object_component id="oc-de">
         <name>.text:IntMasterEnable</name>
         <load_address>0x2000a150</load_address>
         <run_address>0x2000a150</run_address>
         <size>0xa</size>
         <input_file_ref idref="fl-ed"/>
      </object_component>
      <object_component id="oc-3c0">
         <name>.text</name>
         <load_address>0x2000a15a</load_address>
         <run_address>0x2000a15a</run_address>
         <size>0x8</size>
         <input_file_ref idref="fl-ea"/>
      </object_component>
      <object_component id="oc-2db">
         <name>.text:UtilsDelay</name>
         <load_address>0x2000a162</load_address>
         <run_address>0x2000a162</run_address>
         <size>0x6</size>
         <input_file_ref idref="fl-f3"/>
      </object_component>
      <object_component id="oc-5f">
         <name>.text</name>
         <load_address>0x2000a168</load_address>
         <run_address>0x2000a168</run_address>
         <size>0x4</size>
         <input_file_ref idref="fl-d0"/>
      </object_component>
      <object_component id="oc-1e7">
         <name>.const:.string:font</name>
         <load_address>0x2000a16c</load_address>
         <run_address>0x2000a16c</run_address>
         <size>0x4fb</size>
         <input_file_ref idref="fl-2"/>
      </object_component>
      <object_component id="oc-3cd">
         <name>.const:.string:_ctypes_</name>
         <load_address>0x2000a667</load_address>
         <run_address>0x2000a667</run_address>
         <size>0x101</size>
         <input_file_ref idref="fl-db"/>
      </object_component>
      <object_component id="oc-3dc">
         <name>.const:g_ulPinToPadMap</name>
         <load_address>0x2000a768</load_address>
         <run_address>0x2000a768</run_address>
         <size>0x100</size>
         <input_file_ref idref="fl-ee"/>
      </object_component>
      <object_component id="oc-2ce">
         <name>.const:.string:uch_spo2_table</name>
         <load_address>0x2000a868</load_address>
         <run_address>0x2000a868</run_address>
         <size>0xb8</size>
         <input_file_ref idref="fl-4"/>
      </object_component>
      <object_component id="oc-25c">
         <name>.const:PRCM_PeriphRegsList</name>
         <load_address>0x2000a920</load_address>
         <run_address>0x2000a920</run_address>
         <size>0xa8</size>
         <input_file_ref idref="fl-ef"/>
      </object_component>
      <object_component id="oc-1c9">
         <name>.const</name>
         <load_address>0x2000a9c8</load_address>
         <run_address>0x2000a9c8</run_address>
         <size>0x80</size>
         <input_file_ref idref="fl-ed"/>
      </object_component>
      <object_component id="oc-421">
         <name>.cinit..data.load</name>
         <load_address>0x2000aa48</load_address>
         <run_address>0x2000aa48</run_address>
         <size>0x2f</size>
      </object_component>
      <object_component id="oc-41f">
         <name>__TI_handler_table</name>
         <load_address>0x2000aa78</load_address>
         <run_address>0x2000aa78</run_address>
         <size>0xc</size>
      </object_component>
      <object_component id="oc-422">
         <name>.cinit..bss.load</name>
         <load_address>0x2000aa88</load_address>
         <run_address>0x2000aa88</run_address>
         <size>0x8</size>
      </object_component>
      <object_component id="oc-420">
         <name>__TI_cinit_table</name>
         <load_address>0x2000aa90</load_address>
         <run_address>0x2000aa90</run_address>
         <size>0x10</size>
      </object_component>
      <object_component id="oc-1ea">
         <name>.data</name>
         <load_address>0x20018178</load_address>
         <run_address>0x20018178</run_address>
         <size>0x15</size>
         <input_file_ref idref="fl-2"/>
      </object_component>
      <object_component id="oc-129">
         <name>.data</name>
         <load_address>0x20018190</load_address>
         <run_address>0x20018190</run_address>
         <size>0x10</size>
         <input_file_ref idref="fl-6"/>
      </object_component>
      <object_component id="oc-b0">
         <name>.data:$O1$$</name>
         <load_address>0x200181a0</load_address>
         <run_address>0x200181a0</run_address>
         <size>0xc</size>
         <input_file_ref idref="fl-ca"/>
      </object_component>
      <object_component id="oc-1f0">
         <name>.data:$O1$$</name>
         <load_address>0x200181ac</load_address>
         <run_address>0x200181ac</run_address>
         <size>0xc</size>
         <input_file_ref idref="fl-cd"/>
      </object_component>
      <object_component id="oc-77">
         <name>.data</name>
         <load_address>0x200181c4</load_address>
         <run_address>0x200181c4</run_address>
         <size>0x4</size>
         <input_file_ref idref="fl-d2"/>
      </object_component>
      <object_component id="oc-b3">
         <name>.data:$O1$$</name>
         <load_address>0x200181b8</load_address>
         <run_address>0x200181b8</run_address>
         <size>0x8</size>
         <input_file_ref idref="fl-d5"/>
      </object_component>
      <object_component id="oc-3c6">
         <name>.data</name>
         <load_address>0x200181c0</load_address>
         <run_address>0x200181c0</run_address>
         <size>0x4</size>
         <input_file_ref idref="fl-e9"/>
      </object_component>
      <object_component id="oc-2c8">
         <name>.bss:an_x</name>
         <uninitialized>true</uninitialized>
         <run_address>0x20017320</run_address>
         <size>0x190</size>
         <input_file_ref idref="fl-4"/>
      </object_component>
      <object_component id="oc-2cb">
         <name>.bss:an_y</name>
         <uninitialized>true</uninitialized>
         <run_address>0x200174b0</run_address>
         <size>0x190</size>
         <input_file_ref idref="fl-4"/>
      </object_component>
      <object_component id="oc-2ab">
         <name>.bss</name>
         <uninitialized>true</uninitialized>
         <run_address>0x20017960</run_address>
         <size>0x4</size>
         <input_file_ref idref="fl-b"/>
      </object_component>
      <object_component id="oc-18f">
         <name>.common:n_ir_buffer_length</name>
         <uninitialized>true</uninitialized>
         <run_address>0x20017968</run_address>
         <size>0x4</size>
      </object_component>
      <object_component id="oc-191">
         <name>.common:aun_ir_buffer</name>
         <uninitialized>true</uninitialized>
         <run_address>0x20017640</run_address>
         <size>0x190</size>
      </object_component>
      <object_component id="oc-190">
         <name>.common:aun_red_buffer</name>
         <uninitialized>true</uninitialized>
         <run_address>0x200177d0</run_address>
         <size>0x190</size>
      </object_component>
      <object_component id="oc-194">
         <name>.common:n_spo2</name>
         <uninitialized>true</uninitialized>
         <run_address>0x2001796c</run_address>
         <size>0x4</size>
      </object_component>
      <object_component id="oc-192">
         <name>.common:ch_spo2_valid</name>
         <uninitialized>true</uninitialized>
         <run_address>0x20017975</run_address>
         <size>0x1</size>
      </object_component>
      <object_component id="oc-126">
         <name>.common:n_heart_rate</name>
         <uninitialized>true</uninitialized>
         <run_address>0x20017964</run_address>
         <size>0x4</size>
      </object_component>
      <object_component id="oc-193">
         <name>.common:ch_hr_valid</name>
         <uninitialized>true</uninitialized>
         <run_address>0x20017974</run_address>
         <size>0x1</size>
      </object_component>
      <object_component id="oc-18d">
         <name>.common:uch_dummy</name>
         <uninitialized>true</uninitialized>
         <run_address>0x20017976</run_address>
         <size>0x1</size>
      </object_component>
      <object_component id="oc-12c">
         <name>.common:avgBuff</name>
         <uninitialized>true</uninitialized>
         <run_address>0x20017000</run_address>
         <size>0x320</size>
      </object_component>
      <object_component id="oc-18e">
         <name>.common:numBuf</name>
         <uninitialized>true</uninitialized>
         <run_address>0x20017970</run_address>
         <size>0x4</size>
      </object_component>
      <object_component id="oc-2a">
         <name>.sysmem</name>
         <uninitialized>true</uninitialized>
         <run_address>0x20017978</run_address>
         <size>0x8</size>
         <input_file_ref idref="fl-cd"/>
      </object_component>
      <object_component id="oc-424">
         <name>.sysmem</name>
         <uninitialized>true</uninitialized>
         <run_address>0x20017978</run_address>
         <size>0x0</size>
      </object_component>
      <object_component id="oc-29">
         <name>.stack</name>
         <uninitialized>true</uninitialized>
         <run_address>0x2002f800</run_address>
         <size>0x0</size>
         <input_file_ref idref="fl-c6"/>
      </object_component>
      <object_component id="oc-423">
         <name>.stack</name>
         <uninitialized>true</uninitialized>
         <run_address>0x2002f800</run_address>
         <size>0x0</size>
      </object_component>
      <object_component id="oc-1ee">
         <name>.debug_info</name>
         <load_address>0x0</load_address>
         <run_address>0x0</run_address>
         <size>0x1bd</size>
         <input_file_ref idref="fl-2"/>
      </object_component>
      <object_component id="oc-1e8">
         <name>.debug_info</name>
         <load_address>0x1bd</load_address>
         <run_address>0x1bd</run_address>
         <size>0xc2</size>
         <input_file_ref idref="fl-2"/>
      </object_component>
      <object_component id="oc-1eb">
         <name>.debug_info</name>
         <load_address>0x27f</load_address>
         <run_address>0x27f</run_address>
         <size>0x170</size>
         <input_file_ref idref="fl-2"/>
      </object_component>
      <object_component id="oc-f7">
         <name>.debug_info</name>
         <load_address>0x3ef</load_address>
         <run_address>0x3ef</run_address>
         <size>0x14cc</size>
         <input_file_ref idref="fl-2"/>
      </object_component>
      <object_component id="oc-3c">
         <name>.debug_info</name>
         <load_address>0x18bb</load_address>
         <run_address>0x18bb</run_address>
         <size>0x84</size>
         <input_file_ref idref="fl-2"/>
      </object_component>
      <object_component id="oc-201">
         <name>.debug_info</name>
         <load_address>0x193f</load_address>
         <run_address>0x193f</run_address>
         <size>0x137</size>
         <input_file_ref idref="fl-3"/>
      </object_component>
      <object_component id="oc-109">
         <name>.debug_info</name>
         <load_address>0x1a76</load_address>
         <run_address>0x1a76</run_address>
         <size>0xdb4</size>
         <input_file_ref idref="fl-3"/>
      </object_component>
      <object_component id="oc-372">
         <name>.debug_info</name>
         <load_address>0x282a</load_address>
         <run_address>0x282a</run_address>
         <size>0x62</size>
         <input_file_ref idref="fl-3"/>
      </object_component>
      <object_component id="oc-1c4">
         <name>.debug_info</name>
         <load_address>0x288c</load_address>
         <run_address>0x288c</run_address>
         <size>0x2c</size>
         <input_file_ref idref="fl-3"/>
      </object_component>
      <object_component id="oc-91">
         <name>.debug_info</name>
         <load_address>0x28b8</load_address>
         <run_address>0x28b8</run_address>
         <size>0x2c</size>
         <input_file_ref idref="fl-3"/>
      </object_component>
      <object_component id="oc-2d2">
         <name>.debug_info</name>
         <load_address>0x28e4</load_address>
         <run_address>0x28e4</run_address>
         <size>0xf7</size>
         <input_file_ref idref="fl-4"/>
      </object_component>
      <object_component id="oc-2cf">
         <name>.debug_info</name>
         <load_address>0x29db</load_address>
         <run_address>0x29db</run_address>
         <size>0xd3</size>
         <input_file_ref idref="fl-4"/>
      </object_component>
      <object_component id="oc-2c9">
         <name>.debug_info</name>
         <load_address>0x2aae</load_address>
         <run_address>0x2aae</run_address>
         <size>0xbf</size>
         <input_file_ref idref="fl-4"/>
      </object_component>
      <object_component id="oc-2cc">
         <name>.debug_info</name>
         <load_address>0x2b6d</load_address>
         <run_address>0x2b6d</run_address>
         <size>0xbf</size>
         <input_file_ref idref="fl-4"/>
      </object_component>
      <object_component id="oc-188">
         <name>.debug_info</name>
         <load_address>0x2c2c</load_address>
         <run_address>0x2c2c</run_address>
         <size>0xc59</size>
         <input_file_ref idref="fl-4"/>
      </object_component>
      <object_component id="oc-250">
         <name>.debug_info</name>
         <load_address>0x3885</load_address>
         <run_address>0x3885</run_address>
         <size>0x18b</size>
         <input_file_ref idref="fl-4"/>
      </object_component>
      <object_component id="oc-24d">
         <name>.debug_info</name>
         <load_address>0x3a10</load_address>
         <run_address>0x3a10</run_address>
         <size>0x3e9</size>
         <input_file_ref idref="fl-5"/>
      </object_component>
      <object_component id="oc-124">
         <name>.debug_info</name>
         <load_address>0x3df9</load_address>
         <run_address>0x3df9</run_address>
         <size>0xb5f</size>
         <input_file_ref idref="fl-5"/>
      </object_component>
      <object_component id="oc-2b0">
         <name>.debug_info</name>
         <load_address>0x4958</load_address>
         <run_address>0x4958</run_address>
         <size>0x110</size>
         <input_file_ref idref="fl-5"/>
      </object_component>
      <object_component id="oc-248">
         <name>.debug_info</name>
         <load_address>0x4a68</load_address>
         <run_address>0x4a68</run_address>
         <size>0x8b</size>
         <input_file_ref idref="fl-5"/>
      </object_component>
      <object_component id="oc-127">
         <name>.debug_info</name>
         <load_address>0x4af3</load_address>
         <run_address>0x4af3</run_address>
         <size>0xa9e</size>
         <input_file_ref idref="fl-6"/>
      </object_component>
      <object_component id="oc-12a">
         <name>.debug_info</name>
         <load_address>0x5591</load_address>
         <run_address>0x5591</run_address>
         <size>0x11c</size>
         <input_file_ref idref="fl-6"/>
      </object_component>
      <object_component id="oc-a9">
         <name>.debug_info</name>
         <load_address>0x56ad</load_address>
         <run_address>0x56ad</run_address>
         <size>0xd59</size>
         <input_file_ref idref="fl-6"/>
      </object_component>
      <object_component id="oc-255">
         <name>.debug_info</name>
         <load_address>0x6406</load_address>
         <run_address>0x6406</run_address>
         <size>0xc8</size>
         <input_file_ref idref="fl-6"/>
      </object_component>
      <object_component id="oc-20a">
         <name>.debug_info</name>
         <load_address>0x64ce</load_address>
         <run_address>0x64ce</run_address>
         <size>0x4e</size>
         <input_file_ref idref="fl-6"/>
      </object_component>
      <object_component id="oc-196">
         <name>.debug_info</name>
         <load_address>0x651c</load_address>
         <run_address>0x651c</run_address>
         <size>0x3f</size>
         <input_file_ref idref="fl-6"/>
      </object_component>
      <object_component id="oc-2c6">
         <name>.debug_info</name>
         <load_address>0x655b</load_address>
         <run_address>0x655b</run_address>
         <size>0x1a8</size>
         <input_file_ref idref="fl-7"/>
      </object_component>
      <object_component id="oc-17c">
         <name>.debug_info</name>
         <load_address>0x6703</load_address>
         <run_address>0x6703</run_address>
         <size>0x709</size>
         <input_file_ref idref="fl-7"/>
      </object_component>
      <object_component id="oc-158">
         <name>.debug_info</name>
         <load_address>0x6e0c</load_address>
         <run_address>0x6e0c</run_address>
         <size>0x3d1</size>
         <input_file_ref idref="fl-8"/>
      </object_component>
      <object_component id="oc-35">
         <name>.debug_info</name>
         <load_address>0x71dd</load_address>
         <run_address>0x71dd</run_address>
         <size>0x114</size>
         <input_file_ref idref="fl-9"/>
      </object_component>
      <object_component id="oc-10">
         <name>.debug_info</name>
         <load_address>0x72f1</load_address>
         <run_address>0x72f1</run_address>
         <size>0xff</size>
         <input_file_ref idref="fl-9"/>
      </object_component>
      <object_component id="oc-2e">
         <name>.debug_info</name>
         <load_address>0x73f0</load_address>
         <run_address>0x73f0</run_address>
         <size>0x420</size>
         <input_file_ref idref="fl-9"/>
      </object_component>
      <object_component id="oc-117">
         <name>.debug_info</name>
         <load_address>0x7810</load_address>
         <run_address>0x7810</run_address>
         <size>0xd8c</size>
         <input_file_ref idref="fl-a"/>
      </object_component>
      <object_component id="oc-2af">
         <name>.debug_info</name>
         <load_address>0x859c</load_address>
         <run_address>0x859c</run_address>
         <size>0x376</size>
         <input_file_ref idref="fl-b"/>
      </object_component>
      <object_component id="oc-2ac">
         <name>.debug_info</name>
         <load_address>0x8912</load_address>
         <run_address>0x8912</run_address>
         <size>0xf6</size>
         <input_file_ref idref="fl-b"/>
      </object_component>
      <object_component id="oc-15f">
         <name>.debug_info</name>
         <load_address>0x8a08</load_address>
         <run_address>0x8a08</run_address>
         <size>0x8d2</size>
         <input_file_ref idref="fl-b"/>
      </object_component>
      <object_component id="oc-26">
         <name>.debug_info</name>
         <load_address>0x92da</load_address>
         <run_address>0x92da</run_address>
         <size>0x160</size>
         <input_file_ref idref="fl-c6"/>
      </object_component>
      <object_component id="oc-87">
         <name>.debug_info</name>
         <load_address>0x943a</load_address>
         <run_address>0x943a</run_address>
         <size>0xf9</size>
         <input_file_ref idref="fl-c7"/>
      </object_component>
      <object_component id="oc-14">
         <name>.debug_info</name>
         <load_address>0x9533</load_address>
         <run_address>0x9533</run_address>
         <size>0x245</size>
         <input_file_ref idref="fl-c7"/>
      </object_component>
      <object_component id="oc-37">
         <name>.debug_info</name>
         <load_address>0x9778</load_address>
         <run_address>0x9778</run_address>
         <size>0x60</size>
         <input_file_ref idref="fl-c7"/>
      </object_component>
      <object_component id="oc-82">
         <name>.debug_info</name>
         <load_address>0x97d8</load_address>
         <run_address>0x97d8</run_address>
         <size>0x46</size>
         <input_file_ref idref="fl-c7"/>
      </object_component>
      <object_component id="oc-4c">
         <name>.debug_info</name>
         <load_address>0x981e</load_address>
         <run_address>0x981e</run_address>
         <size>0x140</size>
         <input_file_ref idref="fl-c8"/>
      </object_component>
      <object_component id="oc-1a">
         <name>.debug_info</name>
         <load_address>0x995e</load_address>
         <run_address>0x995e</run_address>
         <size>0x1df</size>
         <input_file_ref idref="fl-c8"/>
      </object_component>
      <object_component id="oc-47">
         <name>.debug_info</name>
         <load_address>0x9b3d</load_address>
         <run_address>0x9b3d</run_address>
         <size>0x46</size>
         <input_file_ref idref="fl-c8"/>
      </object_component>
      <object_component id="oc-89">
         <name>.debug_info</name>
         <load_address>0x9b83</load_address>
         <run_address>0x9b83</run_address>
         <size>0x2c</size>
         <input_file_ref idref="fl-c8"/>
      </object_component>
      <object_component id="oc-58">
         <name>.debug_info</name>
         <load_address>0x9baf</load_address>
         <run_address>0x9baf</run_address>
         <size>0x12f</size>
         <input_file_ref idref="fl-c9"/>
      </object_component>
      <object_component id="oc-20">
         <name>.debug_info</name>
         <load_address>0x9cde</load_address>
         <run_address>0x9cde</run_address>
         <size>0x1aa</size>
         <input_file_ref idref="fl-c9"/>
      </object_component>
      <object_component id="oc-53">
         <name>.debug_info</name>
         <load_address>0x9e88</load_address>
         <run_address>0x9e88</run_address>
         <size>0x46</size>
         <input_file_ref idref="fl-c9"/>
      </object_component>
      <object_component id="oc-b7">
         <name>.debug_info</name>
         <load_address>0x9ece</load_address>
         <run_address>0x9ece</run_address>
         <size>0x234</size>
         <input_file_ref idref="fl-ca"/>
      </object_component>
      <object_component id="oc-b1">
         <name>.debug_info</name>
         <load_address>0xa102</load_address>
         <run_address>0xa102</run_address>
         <size>0x185</size>
         <input_file_ref idref="fl-ca"/>
      </object_component>
      <object_component id="oc-74">
         <name>.debug_info</name>
         <load_address>0xa287</load_address>
         <run_address>0xa287</run_address>
         <size>0x214</size>
         <input_file_ref idref="fl-ca"/>
      </object_component>
      <object_component id="oc-43">
         <name>.debug_info</name>
         <load_address>0xa49b</load_address>
         <run_address>0xa49b</run_address>
         <size>0x111</size>
         <input_file_ref idref="fl-cb"/>
      </object_component>
      <object_component id="oc-397">
         <name>.debug_info</name>
         <load_address>0xa5ac</load_address>
         <run_address>0xa5ac</run_address>
         <size>0x12c</size>
         <input_file_ref idref="fl-cc"/>
      </object_component>
      <object_component id="oc-2a6">
         <name>.debug_info</name>
         <load_address>0xa6d8</load_address>
         <run_address>0xa6d8</run_address>
         <size>0x1ab</size>
         <input_file_ref idref="fl-cc"/>
      </object_component>
      <object_component id="oc-7d">
         <name>.debug_info</name>
         <load_address>0xa883</load_address>
         <run_address>0xa883</run_address>
         <size>0x222</size>
         <input_file_ref idref="fl-cd"/>
      </object_component>
      <object_component id="oc-2b">
         <name>.debug_info</name>
         <load_address>0xaaa5</load_address>
         <run_address>0xaaa5</run_address>
         <size>0x101</size>
         <input_file_ref idref="fl-cd"/>
      </object_component>
      <object_component id="oc-1f1">
         <name>.debug_info</name>
         <load_address>0xaba6</load_address>
         <run_address>0xaba6</run_address>
         <size>0x14c</size>
         <input_file_ref idref="fl-cd"/>
      </object_component>
      <object_component id="oc-103">
         <name>.debug_info</name>
         <load_address>0xacf2</load_address>
         <run_address>0xacf2</run_address>
         <size>0x885</size>
         <input_file_ref idref="fl-cd"/>
      </object_component>
      <object_component id="oc-bd">
         <name>.debug_info</name>
         <load_address>0xb577</load_address>
         <run_address>0xb577</run_address>
         <size>0x2c</size>
         <input_file_ref idref="fl-cd"/>
      </object_component>
      <object_component id="oc-c2">
         <name>.debug_info</name>
         <load_address>0xb5a3</load_address>
         <run_address>0xb5a3</run_address>
         <size>0x62</size>
         <input_file_ref idref="fl-cd"/>
      </object_component>
      <object_component id="oc-4f">
         <name>.debug_info</name>
         <load_address>0xb605</load_address>
         <run_address>0xb605</run_address>
         <size>0x13f</size>
         <input_file_ref idref="fl-ce"/>
      </object_component>
      <object_component id="oc-5a">
         <name>.debug_info</name>
         <load_address>0xb744</load_address>
         <run_address>0xb744</run_address>
         <size>0x138</size>
         <input_file_ref idref="fl-cf"/>
      </object_component>
      <object_component id="oc-62">
         <name>.debug_info</name>
         <load_address>0xb87c</load_address>
         <run_address>0xb87c</run_address>
         <size>0x148</size>
         <input_file_ref idref="fl-d0"/>
      </object_component>
      <object_component id="oc-209">
         <name>.debug_info</name>
         <load_address>0xb9c4</load_address>
         <run_address>0xb9c4</run_address>
         <size>0x1bb</size>
         <input_file_ref idref="fl-d1"/>
      </object_component>
      <object_component id="oc-110">
         <name>.debug_info</name>
         <load_address>0xbb7f</load_address>
         <run_address>0xbb7f</run_address>
         <size>0x2e4</size>
         <input_file_ref idref="fl-d1"/>
      </object_component>
      <object_component id="oc-356">
         <name>.debug_info</name>
         <load_address>0xbe63</load_address>
         <run_address>0xbe63</run_address>
         <size>0x2c</size>
         <input_file_ref idref="fl-d1"/>
      </object_component>
      <object_component id="oc-78">
         <name>.debug_info</name>
         <load_address>0xbe8f</load_address>
         <run_address>0xbe8f</run_address>
         <size>0x109</size>
         <input_file_ref idref="fl-d2"/>
      </object_component>
      <object_component id="oc-395">
         <name>.debug_info</name>
         <load_address>0xbf98</load_address>
         <run_address>0xbf98</run_address>
         <size>0xea</size>
         <input_file_ref idref="fl-d3"/>
      </object_component>
      <object_component id="oc-2a0">
         <name>.debug_info</name>
         <load_address>0xc082</load_address>
         <run_address>0xc082</run_address>
         <size>0x22a</size>
         <input_file_ref idref="fl-d3"/>
      </object_component>
      <object_component id="oc-38c">
         <name>.debug_info</name>
         <load_address>0xc2ac</load_address>
         <run_address>0xc2ac</run_address>
         <size>0x1c8</size>
         <input_file_ref idref="fl-d4"/>
      </object_component>
      <object_component id="oc-28e">
         <name>.debug_info</name>
         <load_address>0xc474</load_address>
         <run_address>0xc474</run_address>
         <size>0x35c</size>
         <input_file_ref idref="fl-d4"/>
      </object_component>
      <object_component id="oc-38d">
         <name>.debug_info</name>
         <load_address>0xc7d0</load_address>
         <run_address>0xc7d0</run_address>
         <size>0x69</size>
         <input_file_ref idref="fl-d4"/>
      </object_component>
      <object_component id="oc-1ac">
         <name>.debug_info</name>
         <load_address>0xc839</load_address>
         <run_address>0xc839</run_address>
         <size>0x124</size>
         <input_file_ref idref="fl-d5"/>
      </object_component>
      <object_component id="oc-b4">
         <name>.debug_info</name>
         <load_address>0xc95d</load_address>
         <run_address>0xc95d</run_address>
         <size>0x113</size>
         <input_file_ref idref="fl-d5"/>
      </object_component>
      <object_component id="oc-1a7">
         <name>.debug_info</name>
         <load_address>0xca70</load_address>
         <run_address>0xca70</run_address>
         <size>0x21f</size>
         <input_file_ref idref="fl-d5"/>
      </object_component>
      <object_component id="oc-34b">
         <name>.debug_info</name>
         <load_address>0xcc8f</load_address>
         <run_address>0xcc8f</run_address>
         <size>0x385</size>
         <input_file_ref idref="fl-d6"/>
      </object_component>
      <object_component id="oc-203">
         <name>.debug_info</name>
         <load_address>0xd014</load_address>
         <run_address>0xd014</run_address>
         <size>0x1554</size>
         <input_file_ref idref="fl-d6"/>
      </object_component>
      <object_component id="oc-34c">
         <name>.debug_info</name>
         <load_address>0xe568</load_address>
         <run_address>0xe568</run_address>
         <size>0x86</size>
         <input_file_ref idref="fl-d6"/>
      </object_component>
      <object_component id="oc-3d6">
         <name>.debug_info</name>
         <load_address>0xe5ee</load_address>
         <run_address>0xe5ee</run_address>
         <size>0x46</size>
         <input_file_ref idref="fl-d6"/>
      </object_component>
      <object_component id="oc-351">
         <name>.debug_info</name>
         <load_address>0xe634</load_address>
         <run_address>0xe634</run_address>
         <size>0x39</size>
         <input_file_ref idref="fl-d6"/>
      </object_component>
      <object_component id="oc-af">
         <name>.debug_info</name>
         <load_address>0xe66d</load_address>
         <run_address>0xe66d</run_address>
         <size>0x166</size>
         <input_file_ref idref="fl-d7"/>
      </object_component>
      <object_component id="oc-6c">
         <name>.debug_info</name>
         <load_address>0xe7d3</load_address>
         <run_address>0xe7d3</run_address>
         <size>0x167</size>
         <input_file_ref idref="fl-d7"/>
      </object_component>
      <object_component id="oc-19d">
         <name>.debug_info</name>
         <load_address>0xe93a</load_address>
         <run_address>0xe93a</run_address>
         <size>0x5e</size>
         <input_file_ref idref="fl-d7"/>
      </object_component>
      <object_component id="oc-3d1">
         <name>.debug_info</name>
         <load_address>0xe998</load_address>
         <run_address>0xe998</run_address>
         <size>0x114</size>
         <input_file_ref idref="fl-d8"/>
      </object_component>
      <object_component id="oc-33f">
         <name>.debug_info</name>
         <load_address>0xeaac</load_address>
         <run_address>0xeaac</run_address>
         <size>0x171</size>
         <input_file_ref idref="fl-d8"/>
      </object_component>
      <object_component id="oc-a7">
         <name>.debug_info</name>
         <load_address>0xec1d</load_address>
         <run_address>0xec1d</run_address>
         <size>0x2e9</size>
         <input_file_ref idref="fl-d9"/>
      </object_component>
      <object_component id="oc-69">
         <name>.debug_info</name>
         <load_address>0xef06</load_address>
         <run_address>0xef06</run_address>
         <size>0x190</size>
         <input_file_ref idref="fl-d9"/>
      </object_component>
      <object_component id="oc-ce">
         <name>.debug_info</name>
         <load_address>0xf096</load_address>
         <run_address>0xf096</run_address>
         <size>0x39</size>
         <input_file_ref idref="fl-d9"/>
      </object_component>
      <object_component id="oc-1b7">
         <name>.debug_info</name>
         <load_address>0xf0cf</load_address>
         <run_address>0xf0cf</run_address>
         <size>0x39</size>
         <input_file_ref idref="fl-d9"/>
      </object_component>
      <object_component id="oc-d3">
         <name>.debug_info</name>
         <load_address>0xf108</load_address>
         <run_address>0xf108</run_address>
         <size>0xcd</size>
         <input_file_ref idref="fl-d9"/>
      </object_component>
      <object_component id="oc-ca">
         <name>.debug_info</name>
         <load_address>0xf1d5</load_address>
         <run_address>0xf1d5</run_address>
         <size>0x1e0</size>
         <input_file_ref idref="fl-da"/>
      </object_component>
      <object_component id="oc-9d">
         <name>.debug_info</name>
         <load_address>0xf3b5</load_address>
         <run_address>0xf3b5</run_address>
         <size>0x183</size>
         <input_file_ref idref="fl-da"/>
      </object_component>
      <object_component id="oc-1b2">
         <name>.debug_info</name>
         <load_address>0xf538</load_address>
         <run_address>0xf538</run_address>
         <size>0x2c</size>
         <input_file_ref idref="fl-da"/>
      </object_component>
      <object_component id="oc-3f4">
         <name>.debug_info</name>
         <load_address>0xf564</load_address>
         <run_address>0xf564</run_address>
         <size>0xee</size>
         <input_file_ref idref="fl-db"/>
      </object_component>
      <object_component id="oc-3ce">
         <name>.debug_info</name>
         <load_address>0xf652</load_address>
         <run_address>0xf652</run_address>
         <size>0xfa</size>
         <input_file_ref idref="fl-db"/>
      </object_component>
      <object_component id="oc-328">
         <name>.debug_info</name>
         <load_address>0xf74c</load_address>
         <run_address>0xf74c</run_address>
         <size>0x144</size>
         <input_file_ref idref="fl-dc"/>
      </object_component>
      <object_component id="oc-304">
         <name>.debug_info</name>
         <load_address>0xf890</load_address>
         <run_address>0xf890</run_address>
         <size>0x120</size>
         <input_file_ref idref="fl-dd"/>
      </object_component>
      <object_component id="oc-313">
         <name>.debug_info</name>
         <load_address>0xf9b0</load_address>
         <run_address>0xf9b0</run_address>
         <size>0x122</size>
         <input_file_ref idref="fl-dd"/>
      </object_component>
      <object_component id="oc-30e">
         <name>.debug_info</name>
         <load_address>0xfad2</load_address>
         <run_address>0xfad2</run_address>
         <size>0x132</size>
         <input_file_ref idref="fl-de"/>
      </object_component>
      <object_component id="oc-309">
         <name>.debug_info</name>
         <load_address>0xfc04</load_address>
         <run_address>0xfc04</run_address>
         <size>0x132</size>
         <input_file_ref idref="fl-df"/>
      </object_component>
      <object_component id="oc-31a">
         <name>.debug_info</name>
         <load_address>0xfd36</load_address>
         <run_address>0xfd36</run_address>
         <size>0x126</size>
         <input_file_ref idref="fl-e0"/>
      </object_component>
      <object_component id="oc-323">
         <name>.debug_info</name>
         <load_address>0xfe5c</load_address>
         <run_address>0xfe5c</run_address>
         <size>0x124</size>
         <input_file_ref idref="fl-e1"/>
      </object_component>
      <object_component id="oc-3b6">
         <name>.debug_info</name>
         <load_address>0xff80</load_address>
         <run_address>0xff80</run_address>
         <size>0x14c</size>
         <input_file_ref idref="fl-e2"/>
      </object_component>
      <object_component id="oc-320">
         <name>.debug_info</name>
         <load_address>0x100cc</load_address>
         <run_address>0x100cc</run_address>
         <size>0x1c2</size>
         <input_file_ref idref="fl-e2"/>
      </object_component>
      <object_component id="oc-3d3">
         <name>.debug_info</name>
         <load_address>0x1028e</load_address>
         <run_address>0x1028e</run_address>
         <size>0xf1</size>
         <input_file_ref idref="fl-e3"/>
      </object_component>
      <object_component id="oc-346">
         <name>.debug_info</name>
         <load_address>0x1037f</load_address>
         <run_address>0x1037f</run_address>
         <size>0x1ab</size>
         <input_file_ref idref="fl-e3"/>
      </object_component>
      <object_component id="oc-3ba">
         <name>.debug_info</name>
         <load_address>0x1052a</load_address>
         <run_address>0x1052a</run_address>
         <size>0x13f</size>
         <input_file_ref idref="fl-e4"/>
      </object_component>
      <object_component id="oc-32e">
         <name>.debug_info</name>
         <load_address>0x10669</load_address>
         <run_address>0x10669</run_address>
         <size>0x189</size>
         <input_file_ref idref="fl-e4"/>
      </object_component>
      <object_component id="oc-3bb">
         <name>.debug_info</name>
         <load_address>0x107f2</load_address>
         <run_address>0x107f2</run_address>
         <size>0x2c</size>
         <input_file_ref idref="fl-e4"/>
      </object_component>
      <object_component id="oc-3ca">
         <name>.debug_info</name>
         <load_address>0x1081e</load_address>
         <run_address>0x1081e</run_address>
         <size>0x17c</size>
         <input_file_ref idref="fl-e5"/>
      </object_component>
      <object_component id="oc-336">
         <name>.debug_info</name>
         <load_address>0x1099a</load_address>
         <run_address>0x1099a</run_address>
         <size>0x1e6</size>
         <input_file_ref idref="fl-e5"/>
      </object_component>
      <object_component id="oc-a3">
         <name>.debug_info</name>
         <load_address>0x10b80</load_address>
         <run_address>0x10b80</run_address>
         <size>0x145</size>
         <input_file_ref idref="fl-e6"/>
      </object_component>
      <object_component id="oc-3cc">
         <name>.debug_info</name>
         <load_address>0x10cc5</load_address>
         <run_address>0x10cc5</run_address>
         <size>0xf5</size>
         <input_file_ref idref="fl-e7"/>
      </object_component>
      <object_component id="oc-339">
         <name>.debug_info</name>
         <load_address>0x10dba</load_address>
         <run_address>0x10dba</run_address>
         <size>0x244</size>
         <input_file_ref idref="fl-e7"/>
      </object_component>
      <object_component id="oc-301">
         <name>.debug_info</name>
         <load_address>0x10ffe</load_address>
         <run_address>0x10ffe</run_address>
         <size>0x17d</size>
         <input_file_ref idref="fl-e8"/>
      </object_component>
      <object_component id="oc-3c7">
         <name>.debug_info</name>
         <load_address>0x1117b</load_address>
         <run_address>0x1117b</run_address>
         <size>0xf3</size>
         <input_file_ref idref="fl-e9"/>
      </object_component>
      <object_component id="oc-3c1">
         <name>.debug_info</name>
         <load_address>0x1126e</load_address>
         <run_address>0x1126e</run_address>
         <size>0x154</size>
         <input_file_ref idref="fl-ea"/>
      </object_component>
      <object_component id="oc-277">
         <name>.debug_info</name>
         <load_address>0x113c2</load_address>
         <run_address>0x113c2</run_address>
         <size>0x1e9</size>
         <input_file_ref idref="fl-eb"/>
      </object_component>
      <object_component id="oc-184">
         <name>.debug_info</name>
         <load_address>0x115ab</load_address>
         <run_address>0x115ab</run_address>
         <size>0x1bb</size>
         <input_file_ref idref="fl-eb"/>
      </object_component>
      <object_component id="oc-1f7">
         <name>.debug_info</name>
         <load_address>0x11766</load_address>
         <run_address>0x11766</run_address>
         <size>0x1e0</size>
         <input_file_ref idref="fl-eb"/>
      </object_component>
      <object_component id="oc-243">
         <name>.debug_info</name>
         <load_address>0x11946</load_address>
         <run_address>0x11946</run_address>
         <size>0x24e</size>
         <input_file_ref idref="fl-ec"/>
      </object_component>
      <object_component id="oc-367">
         <name>.debug_info</name>
         <load_address>0x11b94</load_address>
         <run_address>0x11b94</run_address>
         <size>0x199</size>
         <input_file_ref idref="fl-ec"/>
      </object_component>
      <object_component id="oc-213">
         <name>.debug_info</name>
         <load_address>0x11d2d</load_address>
         <run_address>0x11d2d</run_address>
         <size>0x1d6</size>
         <input_file_ref idref="fl-ec"/>
      </object_component>
      <object_component id="oc-219">
         <name>.debug_info</name>
         <load_address>0x11f03</load_address>
         <run_address>0x11f03</run_address>
         <size>0x1e4</size>
         <input_file_ref idref="fl-ec"/>
      </object_component>
      <object_component id="oc-231">
         <name>.debug_info</name>
         <load_address>0x120e7</load_address>
         <run_address>0x120e7</run_address>
         <size>0x21b</size>
         <input_file_ref idref="fl-ec"/>
      </object_component>
      <object_component id="oc-225">
         <name>.debug_info</name>
         <load_address>0x12302</load_address>
         <run_address>0x12302</run_address>
         <size>0x1ca</size>
         <input_file_ref idref="fl-ec"/>
      </object_component>
      <object_component id="oc-22b">
         <name>.debug_info</name>
         <load_address>0x124cc</load_address>
         <run_address>0x124cc</run_address>
         <size>0x1af</size>
         <input_file_ref idref="fl-ec"/>
      </object_component>
      <object_component id="oc-237">
         <name>.debug_info</name>
         <load_address>0x1267b</load_address>
         <run_address>0x1267b</run_address>
         <size>0x1ca</size>
         <input_file_ref idref="fl-ec"/>
      </object_component>
      <object_component id="oc-23d">
         <name>.debug_info</name>
         <load_address>0x12845</load_address>
         <run_address>0x12845</run_address>
         <size>0x19f</size>
         <input_file_ref idref="fl-ec"/>
      </object_component>
      <object_component id="oc-21f">
         <name>.debug_info</name>
         <load_address>0x129e4</load_address>
         <run_address>0x129e4</run_address>
         <size>0x1d8</size>
         <input_file_ref idref="fl-ec"/>
      </object_component>
      <object_component id="oc-2d9">
         <name>.debug_info</name>
         <load_address>0x12bbc</load_address>
         <run_address>0x12bbc</run_address>
         <size>0x19b</size>
         <input_file_ref idref="fl-ed"/>
      </object_component>
      <object_component id="oc-1ca">
         <name>.debug_info</name>
         <load_address>0x12d57</load_address>
         <run_address>0x12d57</run_address>
         <size>0x19e</size>
         <input_file_ref idref="fl-ed"/>
      </object_component>
      <object_component id="oc-e0">
         <name>.debug_info</name>
         <load_address>0x12ef5</load_address>
         <run_address>0x12ef5</run_address>
         <size>0x188</size>
         <input_file_ref idref="fl-ed"/>
      </object_component>
      <object_component id="oc-d9">
         <name>.debug_info</name>
         <load_address>0x1307d</load_address>
         <run_address>0x1307d</run_address>
         <size>0x1ba</size>
         <input_file_ref idref="fl-ed"/>
      </object_component>
      <object_component id="oc-266">
         <name>.debug_info</name>
         <load_address>0x13237</load_address>
         <run_address>0x13237</run_address>
         <size>0x204</size>
[...]
         <name>InitTerm</name>
         <value>0x200080c1</value>
         <object_component_ref idref="oc-15d"/>
      </symbol>
      <symbol id="sm-35d">
         <name>ClearTerm</name>
         <value>0x20008101</value>
         <object_component_ref idref="oc-15d"/>
      </symbol>
      <symbol id="sm-35e">
         <name>TrimSpace</name>
         <value>0x200081e9</value>
         <object_component_ref idref="oc-15d"/>
      </symbol>
      <symbol id="sm-36e">
         <name>_c_int00</name>
         <value>0x20009bf5</value>
         <object_component_ref idref="oc-24"/>
      </symbol>
      <symbol id="sm-36f">
         <name>__stack</name>
         <value>0x2002f800</value>
         <object_component_ref idref="oc-29"/>
      </symbol>
      <symbol id="sm-38d">
         <name>__TI_decompress_lzss</name>
         <value>0x20009869</value>
         <object_component_ref idref="oc-12"/>
      </symbol>
      <symbol id="sm-3a4">
         <name>__TI_decompress_none</name>
         <value>0x2000a129</value>
         <object_component_ref idref="oc-18"/>
      </symbol>
      <symbol id="sm-3b6">
         <name>__TI_zero_init</name>
         <value>0x2000a145</value>
         <object_component_ref idref="oc-1e"/>
      </symbol>
      <symbol id="sm-3d7">
         <name>C$$EXIT</name>
         <value>0x20009a3d</value>
         <object_component_ref idref="oc-71"/>
      </symbol>
      <symbol id="sm-3d8">
         <name>abort</name>
         <value>0x20009a41</value>
         <object_component_ref idref="oc-71"/>
      </symbol>
      <symbol id="sm-3d9">
         <name>exit</name>
         <value>0x20009a49</value>
         <object_component_ref idref="oc-71"/>
      </symbol>
      <symbol id="sm-3da">
         <name>__TI_dtors_ptr</name>
         <value>0x200181a4</value>
         <object_component_ref idref="oc-b0"/>
      </symbol>
      <symbol id="sm-3db">
         <name>__TI_cleanup_ptr</name>
         <value>0x200181a0</value>
         <object_component_ref idref="oc-b0"/>
      </symbol>
      <symbol id="sm-3dc">
         <name>__TI_enable_exit_profile_output</name>
         <value>0x200181a8</value>
         <object_component_ref idref="oc-b0"/>
      </symbol>
      <symbol id="sm-3f7">
         <name>memcpy</name>
         <value>0x20009241</value>
         <object_component_ref idref="oc-41"/>
      </symbol>
      <symbol id="sm-3f8">
         <name>__aeabi_memcpy</name>
         <value>0x20009241</value>
         <object_component_ref idref="oc-41"/>
      </symbol>
      <symbol id="sm-3f9">
         <name>__aeabi_memcpy8</name>
         <value>0x20009241</value>
         <object_component_ref idref="oc-41"/>
      </symbol>
      <symbol id="sm-3fa">
         <name>__aeabi_memcpy4</name>
         <value>0x20009241</value>
         <object_component_ref idref="oc-41"/>
      </symbol>
      <symbol id="sm-40a">
         <name>memmove</name>
         <value>0x20009e09</value>
         <object_component_ref idref="oc-2a5"/>
      </symbol>
      <symbol id="sm-47e">
         <name>_sys_memory</name>
         <value>0x20017978</value>
         <object_component_ref idref="oc-2a"/>
      </symbol>
      <symbol id="sm-47f">
         <name>free</name>
         <value>0x20007b57</value>
         <object_component_ref idref="oc-102"/>
      </symbol>
      <symbol id="sm-480">
         <name>realloc</name>
         <value>0x20007c19</value>
         <object_component_ref idref="oc-102"/>
      </symbol>
      <symbol id="sm-481">
         <name>memalign</name>
         <value>0x20007d21</value>
         <object_component_ref idref="oc-102"/>
      </symbol>
      <symbol id="sm-482">
         <name>calloc</name>
         <value>0x20007e0d</value>
         <object_component_ref idref="oc-102"/>
      </symbol>
      <symbol id="sm-483">
         <name>malloc</name>
         <value>0x20007aed</value>
         <object_component_ref idref="oc-102"/>
      </symbol>
      <symbol id="sm-484">
         <name>minit</name>
         <value>0x20007a6d</value>
         <object_component_ref idref="oc-102"/>
      </symbol>
      <symbol id="sm-493">
         <name>__aeabi_memset</name>
         <value>0x2000969b</value>
         <object_component_ref idref="oc-4d"/>
      </symbol>
      <symbol id="sm-494">
         <name>memset</name>
         <value>0x200096a1</value>
         <object_component_ref idref="oc-4d"/>
      </symbol>
      <symbol id="sm-495">
         <name>__aeabi_memset8</name>
         <value>0x2000969b</value>
         <object_component_ref idref="oc-4d"/>
      </symbol>
      <symbol id="sm-496">
         <name>__aeabi_memset4</name>
         <value>0x2000969b</value>
         <object_component_ref idref="oc-4d"/>
      </symbol>
      <symbol id="sm-497">
         <name>__aeabi_memclr8</name>
         <value>0x20009699</value>
         <object_component_ref idref="oc-4d"/>
      </symbol>
      <symbol id="sm-498">
         <name>__aeabi_memclr4</name>
         <value>0x20009699</value>
         <object_component_ref idref="oc-4d"/>
      </symbol>
      <symbol id="sm-499">
         <name>__aeabi_memclr</name>
         <value>0x20009699</value>
         <object_component_ref idref="oc-4d"/>
      </symbol>
      <symbol id="sm-4a3">
         <name>__mpu_init</name>
         <value>0x2000551f</value>
         <object_component_ref idref="oc-59"/>
      </symbol>
      <symbol id="sm-4ad">
         <name>_system_pre_init</name>
         <value>0x2000a169</value>
         <object_component_ref idref="oc-5f"/>
      </symbol>
      <symbol id="sm-4c6">
         <name>sprintf</name>
         <value>0x200098d1</value>
         <object_component_ref idref="oc-10e"/>
      </symbol>
      <symbol id="sm-4ce">
         <name>main_func_sp</name>
         <value>0x200181c4</value>
         <object_component_ref idref="oc-77"/>
      </symbol>
      <symbol id="sm-4dc">
         <name>strlen</name>
         <value>0x2000a0d1</value>
         <object_component_ref idref="oc-29f"/>
      </symbol>
      <symbol id="sm-4f8">
         <name>vsnprintf</name>
         <value>0x20009481</value>
         <object_component_ref idref="oc-28d"/>
      </symbol>
      <symbol id="sm-511">
         <name>_nop</name>
         <value>0x2000a0cb</value>
         <object_component_ref idref="oc-1a4"/>
      </symbol>
      <symbol id="sm-512">
         <name>_lock</name>
         <value>0x200181b8</value>
         <object_component_ref idref="oc-b3"/>
      </symbol>
      <symbol id="sm-513">
         <name>_unlock</name>
         <value>0x200181bc</value>
         <object_component_ref idref="oc-b3"/>
      </symbol>
      <symbol id="sm-514">
         <name>_register_lock</name>
         <value>0x2000a0c3</value>
         <object_component_ref idref="oc-1a4"/>
      </symbol>
      <symbol id="sm-515">
         <name>_register_unlock</name>
         <value>0x2000a0bd</value>
         <object_component_ref idref="oc-1a4"/>
      </symbol>
      <symbol id="sm-616">
         <name>__TI_printfi</name>
         <value>0x20004c35</value>
         <object_component_ref idref="oc-202"/>
      </symbol>
      <symbol id="sm-62a">
         <name>_args_main</name>
         <value>0x2000a00d</value>
         <object_component_ref idref="oc-6b"/>
      </symbol>
      <symbol id="sm-640">
         <name>atoi</name>
         <value>0x20009a91</value>
         <object_component_ref idref="oc-33e"/>
      </symbol>
      <symbol id="sm-66a">
         <name>__TI_auto_init</name>
         <value>0x200097f9</value>
         <object_component_ref idref="oc-65"/>
      </symbol>
      <symbol id="sm-684">
         <name>copy_in</name>
         <value>0x20009add</value>
         <object_component_ref idref="oc-9a"/>
      </symbol>
      <symbol id="sm-68f">
         <name>_ctypes_</name>
         <value>0x2000a667</value>
         <object_component_ref idref="oc-3cd"/>
      </symbol>
      <symbol id="sm-6a6">
         <name>__aeabi_dsub</name>
         <value>0x2000872d</value>
         <object_component_ref idref="oc-327"/>
      </symbol>
      <symbol id="sm-6a7">
         <name>__aeabi_dadd</name>
         <value>0x20008737</value>
         <object_component_ref idref="oc-327"/>
      </symbol>
      <symbol id="sm-6c9">
         <name>__aeabi_cdcmpeq</name>
         <value>0x20009509</value>
         <object_component_ref idref="oc-303"/>
      </symbol>
      <symbol id="sm-6ca">
         <name>__aeabi_cdcmple</name>
         <value>0x20009509</value>
         <object_component_ref idref="oc-303"/>
      </symbol>
      <symbol id="sm-6cb">
         <name>__aeabi_cdrcmple</name>
         <value>0x2000958f</value>
         <object_component_ref idref="oc-312"/>
      </symbol>
      <symbol id="sm-6df">
         <name>__aeabi_ddiv</name>
         <value>0x20008b9d</value>
         <object_component_ref idref="oc-30d"/>
      </symbol>
      <symbol id="sm-6ea">
         <name>__aeabi_dmul</name>
         <value>0x20008cd3</value>
         <object_component_ref idref="oc-308"/>
      </symbol>
      <symbol id="sm-6f4">
         <name>__aeabi_d2iz</name>
         <value>0x20009b29</value>
         <object_component_ref idref="oc-317"/>
      </symbol>
      <symbol id="sm-6fe">
         <name>__aeabi_i2d</name>
         <value>0x20009d09</value>
         <object_component_ref idref="oc-322"/>
      </symbol>
      <symbol id="sm-70d">
         <name>ltoa</name>
         <value>0x200099e5</value>
         <object_component_ref idref="oc-31c"/>
      </symbol>
      <symbol id="sm-71d">
         <name>memccpy</name>
         <value>0x20009f43</value>
         <object_component_ref idref="oc-344"/>
      </symbol>
      <symbol id="sm-738">
         <name>frexpl</name>
         <value>0x20009931</value>
         <object_component_ref idref="oc-32c"/>
      </symbol>
      <symbol id="sm-739">
         <name>frexp</name>
         <value>0x20009931</value>
         <object_component_ref idref="oc-32c"/>
      </symbol>
      <symbol id="sm-757">
         <name>scalbn</name>
         <value>0x20008ea1</value>
         <object_component_ref idref="oc-332"/>
      </symbol>
      <symbol id="sm-758">
         <name>scalbnl</name>
         <value>0x20008ea1</value>
         <object_component_ref idref="oc-332"/>
      </symbol>
      <symbol id="sm-759">
         <name>ldexpl</name>
         <value>0x20008ea1</value>
         <object_component_ref idref="oc-332"/>
      </symbol>
      <symbol id="sm-75a">
         <name>ldexp</name>
         <value>0x20008ea1</value>
         <object_component_ref idref="oc-332"/>
      </symbol>
      <symbol id="sm-764">
         <name>_system_post_cinit</name>
         <value>0x20007a6b</value>
         <object_component_ref idref="oc-a0"/>
      </symbol>
      <symbol id="sm-774">
         <name>strchr</name>
         <value>0x2000a07d</value>
         <object_component_ref idref="oc-338"/>
      </symbol>
      <symbol id="sm-790">
         <name>__aeabi_uldivmod</name>
         <value>0x20008539</value>
         <object_component_ref idref="oc-2fe"/>
      </symbol>
      <symbol id="sm-798">
         <name>errno</name>
         <value>0x200181c0</value>
         <object_component_ref idref="oc-3c6"/>
      </symbol>
      <symbol id="sm-7a2">
         <name>copysign</name>
         <value>0x2000a15b</value>
         <object_component_ref idref="oc-3c0"/>
      </symbol>
      <symbol id="sm-7a3">
         <name>copysignl</name>
         <value>0x2000a15b</value>
         <object_component_ref idref="oc-3c0"/>
      </symbol>
      <symbol id="sm-7bf">
         <name>GPIOPinRead</name>
         <value>0x20009f93</value>
         <object_component_ref idref="oc-181"/>
      </symbol>
      <symbol id="sm-7c0">
         <name>GPIODirModeSet</name>
         <value>0x20009c71</value>
         <object_component_ref idref="oc-274"/>
      </symbol>
      <symbol id="sm-7c1">
         <name>GPIOPinWrite</name>
         <value>0x20009e71</value>
         <object_component_ref idref="oc-1f4"/>
      </symbol>
      <symbol id="sm-820">
         <name>I2CMasterDataPut</name>
         <value>0x2000a025</value>
         <object_component_ref idref="oc-235"/>
      </symbol>
      <symbol id="sm-821">
         <name>I2CMasterInitExpClk</name>
         <value>0x20009615</value>
         <object_component_ref idref="oc-241"/>
      </symbol>
      <symbol id="sm-822">
         <name>I2CMasterIntClearEx</name>
         <value>0x2000a0f7</value>
         <object_component_ref idref="oc-217"/>
      </symbol>
      <symbol id="sm-823">
         <name>I2CMasterSlaveAddrSet</name>
         <value>0x20009e2d</value>
         <object_component_ref idref="oc-22f"/>
      </symbol>
      <symbol id="sm-824">
         <name>I2CMasterDataGet</name>
         <value>0x2000a11b</value>
         <object_component_ref idref="oc-23b"/>
      </symbol>
      <symbol id="sm-825">
         <name>I2CMasterErr</name>
         <value>0x20009d37</value>
         <object_component_ref idref="oc-229"/>
      </symbol>
      <symbol id="sm-826">
         <name>I2CMasterTimeoutSet</name>
         <value>0x2000a109</value>
         <object_component_ref idref="oc-21d"/>
      </symbol>
      <symbol id="sm-827">
         <name>I2CMasterControl</name>
         <value>0x2000a0e5</value>
         <object_component_ref idref="oc-223"/>
      </symbol>
      <symbol id="sm-828">
         <name>I2CMasterEnable</name>
         <value>0x2000a03b</value>
         <object_component_ref idref="oc-365"/>
      </symbol>
      <symbol id="sm-829">
         <name>I2CMasterIntStatusEx</name>
         <value>0x20009eb1</value>
         <object_component_ref idref="oc-211"/>
      </symbol>
      <symbol id="sm-86a">
         <name>IntVTableBaseSet</name>
         <value>0x2000a0a9</value>
         <object_component_ref idref="oc-d8"/>
      </symbol>
      <symbol id="sm-86b">
         <name>IntEnable</name>
         <value>0x200090f9</value>
         <object_component_ref idref="oc-e4"/>
      </symbol>
      <symbol id="sm-86c">
         <name>IntRegister</name>
         <value>0x20009e91</value>
         <object_component_ref idref="oc-265"/>
      </symbol>
      <symbol id="sm-86d">
         <name>IntMasterEnable</name>
         <value>0x2000a151</value>
         <object_component_ref idref="oc-de"/>
      </symbol>
      <symbol id="sm-8b4">
         <name>PinTypeI2C</name>
         <value>0x20009f0b</value>
         <object_component_ref idref="oc-280"/>
      </symbol>
      <symbol id="sm-8b5">
         <name>PinTypeUART</name>
         <value>0x20009f79</value>
         <object_component_ref idref="oc-286"/>
      </symbol>
      <symbol id="sm-8b6">
         <name>PinTypeGPIO</name>
         <value>0x20009ca7</value>
         <object_component_ref idref="oc-26e"/>
      </symbol>
      <symbol id="sm-8b7">
         <name>PinConfigSet</name>
         <value>0x20009371</value>
         <object_component_ref idref="oc-37a"/>
      </symbol>
      <symbol id="sm-8b8">
         <name>PinTypeSPI</name>
         <value>0x20009f5f</value>
         <object_component_ref idref="oc-27a"/>
      </symbol>
      <symbol id="sm-8b9">
         <name>PinModeSet</name>
         <value>0x20009bb5</value>
         <object_component_ref idref="oc-380"/>
      </symbol>
      <symbol id="sm-93f">
         <name>PRCMPeripheralReset</name>
         <value>0x2000998d</value>
         <object_component_ref idref="oc-133"/>
      </symbol>
      <symbol id="sm-940">
         <name>PRCMPeripheralClkEnable</name>
         <value>0x20009c35</value>
         <object_component_ref idref="oc-12d"/>
      </symbol>
      <symbol id="sm-941">
         <name>PRCMPeripheralClockGet</name>
         <value>0x200092dd</value>
         <object_component_ref idref="oc-163"/>
      </symbol>
      <symbol id="sm-942">
         <name>PRCMCC3200MCUInit</name>
         <value>0x200088e5</value>
         <object_component_ref idref="oc-ea"/>
      </symbol>
      <symbol id="sm-943">
         <name>PRCMHIBRegWrite</name>
         <value>0x2000a067</value>
         <object_component_ref idref="oc-1d9"/>
      </symbol>
      <symbol id="sm-944">
         <name>PRCMSysResetCauseGet</name>
         <value>0x20009d65</value>
         <object_component_ref idref="oc-1cd"/>
      </symbol>
      <symbol id="sm-945">
         <name>PRCMPeripheralClkDisable</name>
         <value>0x20009dbd</value>
         <object_component_ref idref="oc-1df"/>
      </symbol>
      <symbol id="sm-946">
         <name>PRCMHIBRegRead</name>
         <value>0x2000a051</value>
         <object_component_ref idref="oc-1d3"/>
      </symbol>
      <symbol id="sm-9b2">
         <name>SPITransfer</name>
         <value>0x200093f9</value>
         <object_component_ref idref="oc-1fa"/>
      </symbol>
      <symbol id="sm-9b3">
         <name>SPIDisable</name>
         <value>0x20009fab</value>
         <object_component_ref idref="oc-fc"/>
      </symbol>
      <symbol id="sm-9b4">
         <name>SPIEnable</name>
         <value>0x20009fc3</value>
         <object_component_ref idref="oc-f0"/>
      </symbol>
      <symbol id="sm-9b5">
         <name>SPIConfigSetExpClk</name>
         <value>0x200091a1</value>
         <object_component_ref idref="oc-175"/>
      </symbol>
      <symbol id="sm-9b6">
         <name>SPIReset</name>
         <value>0x20009e4f</value>
         <object_component_ref idref="oc-16f"/>
      </symbol>
      <symbol id="sm-9f2">
         <name>TimerLoadSet</name>
         <value>0x20009d91</value>
         <object_component_ref idref="oc-13f"/>
      </symbol>
      <symbol id="sm-9f3">
         <name>TimerIntRegister</name>
         <value>0x20009789</value>
         <object_component_ref idref="oc-14b"/>
      </symbol>
      <symbol id="sm-9f4">
         <name>TimerEnable</name>
         <value>0x20009ecf</value>
         <object_component_ref idref="oc-145"/>
      </symbol>
      <symbol id="sm-9f5">
         <name>TimerIntEnable</name>
         <value>0x20009fdb</value>
         <object_component_ref idref="oc-151"/>
      </symbol>
      <symbol id="sm-9f6">
         <name>TimerConfigure</name>
         <value>0x20009b71</value>
         <object_component_ref idref="oc-139"/>
      </symbol>
      <symbol id="sm-a32">
         <name>UARTConfigSetExpClk</name>
         <value>0x20009713</value>
         <object_component_ref idref="oc-169"/>
      </symbol>
      <symbol id="sm-a33">
         <name>UARTDisable</name>
         <value>0x20009cd9</value>
         <object_component_ref idref="oc-2b6"/>
      </symbol>
      <symbol id="sm-a34">
         <name>UARTCharsAvail</name>
         <value>0x20009ff3</value>
         <object_component_ref idref="oc-293"/>
      </symbol>
      <symbol id="sm-a35">
         <name>UARTCharGetNonBlocking</name>
         <value>0x20009f27</value>
         <object_component_ref idref="oc-299"/>
      </symbol>
      <symbol id="sm-a36">
         <name>UARTCharPut</name>
         <value>0x20009eed</value>
         <object_component_ref idref="oc-11a"/>
      </symbol>
      <symbol id="sm-a37">
         <name>UARTEnable</name>
         <value>0x20009de5</value>
         <object_component_ref idref="oc-2bc"/>
      </symbol>
      <symbol id="sm-a3b">
         <name>UtilsDelay</name>
         <value>0x2000a163</value>
         <object_component_ref idref="oc-2db"/>
      </symbol>
      <symbol id="sm-a45">
         <name>CPUcpsie</name>
         <value>0x2000a093</value>
         <object_component_ref idref="oc-1bd"/>
      </symbol>
      <symbol id="sm-a47">
         <name>__TI_static_base__</name>
         <value>0x2000aa48</value>
      </symbol>
      <symbol id="sm-a4a">
         <name>SHT$$INIT_ARRAY$$Limit</name>
         <value>0x0</value>
      </symbol>
      <symbol id="sm-a4b">
         <name>SHT$$INIT_ARRAY$$Base</name>
         <value>0x0</value>
      </symbol>
   </symbol_table>
   <title>Link successful</title>
</link_info>
